To honour the JVM settings for this build a single-use Daemon process will be forked. For more on this, please refer to https://docs.gradle.org/8.8/userguide/gradle_daemon.html#sec:disabling_the_daemon in the Gradle documentation.
Daemon will be stopped at the end of the build 

> Configure project :
MixinGradle did not locate the diffplug APT plugin, skipping eclipse task configuration
Java: 21.0.9, JVM: 21.0.9+10-LTS (Eclipse Adoptium), Arch: amd64

> Task :downloadMcpConfig
> Task :extractSrg UP-TO-DATE
> Task :createMcpToSrg UP-TO-DATE

> Task :compileJava
.\gradlew.bat : ע: SpongePowered MIXIN Annotation Processor Version=0.8.7 (MixinGradle Version=0.7.38)
At C:\Users\Administrator\AppData\Local\Temp\trae-agent-toolhost\jobs\job-d472451c9ec3467d97d09571df0624da\command.ps1:
15 char:7917
+ ... ood-1.20.1-Forge"; .\gradlew.bat compileJava --no-daemon 2>&1 | Out-F ...
+                        ~~~~~~~~~~~~~~~~~~~~~~~~~~~~~~~~~~~~~~~~~~
    + CategoryInfo          : NotSpecified: (ע: SpongePowere...Version=0.7.38):String) [], RemoteException
    + FullyQualifiedErrorId : NativeCommandError
 
ע: Supported obfuscation types: ObfuscationServiceMCP supports [notch] ObfuscationServiceFG3 supports [searge]
ע: Loading searge mappings from D:\Farmer's spell 'n spell book-1.20.1-Forge\Kaleidoscope ChineseFood-1.20.1-Forge\buil
d\createMcpToSrg\output.tsrg
ע: Writing refmap to D:\Farmer's spell 'n spell book-1.20.1-Forge\Kaleidoscope ChineseFood-1.20.1-Forge\build\tmp\compi
leJava\compileJava-refmap.json
ע: Writing refmap to D:\Farmer's spell 'n spell book-1.20.1-Forge\Kaleidoscope ChineseFood-1.20.1-Forge\build\tmp\compi
leJava\compileJava-refmap.json
ע: Writing searge composite mappings to D:\Farmer's spell 'n spell book-1.20.1-Forge\Kaleidoscope ChineseFood-1.20.1-Fo
rge\build\tmp\compileJava\compileJava-mappings.tsrg
ע: Writing refmap to D:\Farmer's spell 'n spell book-1.20.1-Forge\Kaleidoscope ChineseFood-1.20.1-Forge\build\tmp\compi
leJava\compileJava-refmap.json
ע: Writing refmap to D:\Farmer's spell 'n spell book-1.20.1-Forge\Kaleidoscope ChineseFood-1.20.1-Forge\build\tmp\compi
leJava\compileJava-refmap.json
ע: Writing searge composite mappings to D:\Farmer's spell 'n spell book-1.20.1-Forge\Kaleidoscope ChineseFood-1.20.1-Fo
rge\build\tmp\compileJava\compileJava-mappings.tsrg
D:\Farmer's spell 'n spell book-1.20.1-Forge\Kaleidoscope ChineseFood-1.20.1-Forge\src\main\java\com\chenjdy\farmers_sp
ell\client\model\FoodgeistModel.java:9: ����: [removal] ResourceLocation �е� ResourceLocation(String,String) �ѹ�ʱ, �ұ��
Ϊ��ɾ��
    private static final ResourceLocation MODEL = new ResourceLocation(FARMERSSPELL.MODID, "geo/foodgeist.geo.json");
                                                  ^
D:\Farmer's spell 'n spell book-1.20.1-Forge\Kaleidoscope ChineseFood-1.20.1-Forge\src\main\java\com\chenjdy\farmers_sp
ell\client\model\FoodgeistModel.java:10: ����: [removal] ResourceLocation �е� ResourceLocation(String,String) �ѹ�ʱ, �ұ�
�Ϊ��ɾ��
    private static final ResourceLocation TEXTURE = new ResourceLocation(FARMERSSPELL.MODID, "textures/entity/foodgeist
.png");
                                                    ^
D:\Farmer's spell 'n spell book-1.20.1-Forge\Kaleidoscope ChineseFood-1.20.1-Forge\src\main\java\com\chenjdy\farmers_sp
ell\client\model\FoodgeistModel.java:11: ����: [removal] ResourceLocation �е� ResourceLocation(String,String) �ѹ�ʱ, �ұ�
�Ϊ��ɾ��
    private static final ResourceLocation ANIMATIONS = new ResourceLocation(FARMERSSPELL.MODID, "animations/foodgeist.a
nimation.json");
                                                       ^
D:\Farmer's spell 'n spell book-1.20.1-Forge\Kaleidoscope ChineseFood-1.20.1-Forge\src\main\java\com\chenjdy\farmers_sp
ell\entity\FoodgeistEntity.java:59: ����: [removal] ResourceLocation �е� ResourceLocation(String,String) �ѹ�ʱ, �ұ��Ϊ��ɾ
��
            new ResourceLocation("farmers_spell", "foodgeist_food"));
            ^
D:\Farmer's spell 'n spell book-1.20.1-Forge\Kaleidoscope ChineseFood-1.20.1-Forge\src\main\java\com\chenjdy\farmers_sp
ell\client\renderer\FoodgeistRenderer.java:39: ����: �������Ḳ�ǻ�ʵ�ֳ����͵ķ���
    @Override
    ^
D:\Farmer's spell 'n spell book-1.20.1-Forge\Kaleidoscope ChineseFood-1.20.1-Forge\src\main\java\com\chenjdy\farmers_sp
ell\client\renderer\FoodgeistRenderer.java:43: ����: �����ݵ�����: GeoModel<FoodgeistEntity>�޷�ת��ΪBakedGeoModel
        super.preRender(poseStack, animatable, model, bufferSource, buffer, isReRender, partialTick, packedLight, packe
dOverlay, red, green, blue, alpha);
                                               ^
D:\Farmer's spell 'n spell book-1.20.1-Forge\Kaleidoscope ChineseFood-1.20.1-Forge\src\main\java\com\chenjdy\farmers_sp
ell\item\armor\GluttonyChefArmorItem.java:85: ����: [removal] IForgeItem �е� onArmorTick(ItemStack,Level,Player) �ѹ�ʱ, 
�ұ��Ϊ��ɾ��
    public void onArmorTick(ItemStack stack, Level world, Player player) {
                ^
D:\Farmer's spell 'n spell book-1.20.1-Forge\Kaleidoscope ChineseFood-1.20.1-Forge\src\main\java\com\chenjdy\farmers_sp
ell\init\ModFluids.java:25: ����: [removal] ResourceLocation �е� ResourceLocation(String,String) �ѹ�ʱ, �ұ��Ϊ��ɾ��
            new ResourceLocation("minecraft", "block/water_still");
            ^
D:\Farmer's spell 'n spell book-1.20.1-Forge\Kaleidoscope ChineseFood-1.20.1-Forge\src\main\java\com\chenjdy\farmers_sp
ell\init\ModFluids.java:27: ����: [removal] ResourceLocation �е� ResourceLocation(String,String) �ѹ�ʱ, �ұ��Ϊ��ɾ��
            new ResourceLocation("minecraft", "block/water_flow");
            ^
D:\Farmer's spell 'n spell book-1.20.1-Forge\Kaleidoscope ChineseFood-1.20.1-Forge\src\main\java\com\chenjdy\farmers_sp
ell\item\armor\GluttonyChefArmorItemImbued.java:23: ����: [removal] ISpellContainer �е� save(ItemStack) �ѹ�ʱ, �ұ��Ϊ��ɾ�
�
                spellContainer.save(itemStack);
                              ^
D:\Farmer's spell 'n spell book-1.20.1-Forge\Kaleidoscope ChineseFood-1.20.1-Forge\src\main\java\com\chenjdy\farmers_sp
ell\item\curios\AffinityRingGlutton.java:43: ����: [removal] ICuriosHelper �е� findFirstCurio(LivingEntity,Item) �ѹ�ʱ, 
�ұ��Ϊ��ɾ��
        boolean hasRing = CuriosApi.getCuriosHelper().findFirstCurio(player,
                                                     ^
D:\Farmer's spell 'n spell book-1.20.1-Forge\Kaleidoscope ChineseFood-1.20.1-Forge\src\main\java\com\chenjdy\farmers_sp
ell\item\curios\FoodgeistRing.java:43: ����: [removal] ICuriosHelper �е� findFirstCurio(LivingEntity,Item) �ѹ�ʱ, �ұ��Ϊ�
�ɾ��
        boolean hasRing = CuriosApi.getCuriosHelper().findFirstCurio(player,
                                                     ^
D:\Farmer's spell 'n spell book-1.20.1-Forge\Kaleidoscope ChineseFood-1.20.1-Forge\src\main\java\com\chenjdy\farmers_sp
ell\item\curios\LasagnowledgeSpellBook.java:18: ����: [removal] io.redspace.ironsspellbooks.item.spell_books �е� Simple
AttributeSpellBook �ѹ�ʱ, �ұ��Ϊ��ɾ��
public class LasagnowledgeSpellBook extends SimpleAttributeSpellBook {
                                            ^
D:\Farmer's spell 'n spell book-1.20.1-Forge\Kaleidoscope ChineseFood-1.20.1-Forge\src\main\java\com\chenjdy\farmers_sp
ell\item\curios\LasagnowledgeSpellBook.java:18: ����: [removal] io.redspace.ironsspellbooks.item.spell_books �е� Simple
AttributeSpellBook �ѹ�ʱ, �ұ��Ϊ��ɾ��
public class LasagnowledgeSpellBook extends SimpleAttributeSpellBook {
                                            ^
D:\Farmer's spell 'n spell book-1.20.1-Forge\Kaleidoscope ChineseFood-1.20.1-Forge\src\main\java\com\chenjdy\farmers_sp
ell\item\curios\LasagnowledgeSpellBook.java:18: ����: [removal] io.redspace.ironsspellbooks.item.spell_books �е� Simple
AttributeSpellBook �ѹ�ʱ, �ұ��Ϊ��ɾ��
public class LasagnowledgeSpellBook extends SimpleAttributeSpellBook {
                                            ^
D:\Farmer's spell 'n spell book-1.20.1-Forge\Kaleidoscope ChineseFood-1.20.1-Forge\src\main\java\com\chenjdy\farmers_sp
ell\item\curios\TiramisuSpellBook.java:18: ����: [removal] io.redspace.ironsspellbooks.item.spell_books �е� SimpleAttri
buteSpellBook �ѹ�ʱ, �ұ��Ϊ��ɾ��
public class TiramisuSpellBook extends SimpleAttributeSpellBook {
                                       ^
D:\Farmer's spell 'n spell book-1.20.1-Forge\Kaleidoscope ChineseFood-1.20.1-Forge\src\main\java\com\chenjdy\farmers_sp
ell\item\curios\TiramisuSpellBook.java:18: ����: [removal] io.redspace.ironsspellbooks.item.spell_books �е� SimpleAttri
buteSpellBook �ѹ�ʱ, �ұ��Ϊ��ɾ��
public class TiramisuSpellBook extends SimpleAttributeSpellBook {
                                       ^
D:\Farmer's spell 'n spell book-1.20.1-Forge\Kaleidoscope ChineseFood-1.20.1-Forge\src\main\java\com\chenjdy\farmers_sp
ell\item\curios\TiramisuSpellBook.java:18: ����: [removal] io.redspace.ironsspellbooks.item.spell_books �е� SimpleAttri
buteSpellBook �ѹ�ʱ, �ұ��Ϊ��ɾ��
public class TiramisuSpellBook extends SimpleAttributeSpellBook {
                                       ^
D:\Farmer's spell 'n spell book-1.20.1-Forge\Kaleidoscope ChineseFood-1.20.1-Forge\src\main\java\com\chenjdy\farmers_sp
ell\item\weapons\BorealKnife.java:13: ����: [removal] MagicSwordItem �е� MagicSwordItem(Tier,double,double,SpellDataReg
istryHolder[],Map<Attribute,AttributeModifier>,Properties) �ѹ�ʱ, �ұ��Ϊ��ɾ��
        super(Tiers.IRON, 7.0f, -2.0f,
        ^
D:\Farmer's spell 'n spell book-1.20.1-Forge\Kaleidoscope ChineseFood-1.20.1-Forge\src\main\java\com\chenjdy\farmers_sp
ell\item\weapons\EchoingKnife.java:13: ����: [removal] MagicSwordItem �е� MagicSwordItem(Tier,double,double,SpellDataRe
gistryHolder[],Map<Attribute,AttributeModifier>,Properties) �ѹ�ʱ, �ұ��Ϊ��ɾ��
        super(Tiers.IRON, 7.0f, -2.0f,
        ^
D:\Farmer's spell 'n spell book-1.20.1-Forge\Kaleidoscope ChineseFood-1.20.1-Forge\src\main\java\com\chenjdy\farmers_sp
ell\item\weapons\GospelButterKnife.java:14: ����: [removal] MagicSwordItem �е� MagicSwordItem(Tier,double,double,SpellD
ataRegistryHolder[],Map<Attribute,AttributeModifier>,Properties) �ѹ�ʱ, �ұ��Ϊ��ɾ��
        super(Tiers.IRON, 3.5f, -2.0f,
        ^
D:\Farmer's spell 'n spell book-1.20.1-Forge\Kaleidoscope ChineseFood-1.20.1-Forge\src\main\java\com\chenjdy\farmers_sp
ell\item\weapons\GrowKnife.java:33: ����: [removal] MagicSwordItem �е� MagicSwordItem(Tier,double,double,SpellDataRegis
tryHolder[],Map<Attribute,AttributeModifier>,Properties) �ѹ�ʱ, �ұ��Ϊ��ɾ��
        super(Tiers.IRON, 0.0f, -1.0f,
        ^
D:\Farmer's spell 'n spell book-1.20.1-Forge\Kaleidoscope ChineseFood-1.20.1-Forge\src\main\java\com\chenjdy\farmers_sp
ell\item\weapons\HellKnife.java:15: ����: [removal] MagicSwordItem �е� MagicSwordItem(Tier,double,double,SpellDataRegis
tryHolder[],Map<Attribute,AttributeModifier>,Properties) �ѹ�ʱ, �ұ��Ϊ��ɾ��
        super(Tiers.NETHERITE, 7.0f, -2.0f,
        ^
D:\Farmer's spell 'n spell book-1.20.1-Forge\Kaleidoscope ChineseFood-1.20.1-Forge\src\main\java\com\chenjdy\farmers_sp
ell\item\weapons\TwilightBlade.java:13: ����: [removal] MagicSwordItem �е� MagicSwordItem(Tier,double,double,SpellDataR
egistryHolder[],Map<Attribute,AttributeModifier>,Properties) �ѹ�ʱ, �ұ��Ϊ��ɾ��
        super(Tiers.IRON, 7.0f, -2.0f,
        ^
D:\Farmer's spell 'n spell book-1.20.1-Forge\Kaleidoscope ChineseFood-1.20.1-Forge\src\main\java\com\chenjdy\farmers_sp
ell\network\NetworkHandler.java:13: ����: [removal] ResourceLocation �е� ResourceLocation(String,String) �ѹ�ʱ, �ұ��Ϊ��ɾ
��
            new ResourceLocation(FARMERSSPELL.MODID, "main"),
            ^
ע: ĳЩ�����ļ�ʹ�û򸲸����ѹ�ʱ�� API��
ע: �й���ϸ��Ϣ, ��ʹ�� -Xlint:deprecation ���±��롣
ע: ĳЩ�����ļ�ʹ����δ�����򲻰�ȫ�Ĳ�����
ע: �й���ϸ��Ϣ, ��ʹ�� -Xlint:unchecked ���±��롣
ע: ĳЩ��Ϣ�Ѿ�����; ��ʹ�� -Xdiags:verbose ���±����Ի���������
2 ������
23 ������

> Task :compileJava FAILED

FAILURE: Build failed with an exception.

* What went wrong:
Execution failed for task ':compileJava'.
> Compilation failed; see the compiler error output for details.

* Try:
> Run with --info option to get more log output.
> Run with --scan to get full insights.

Deprecated Gradle features were used in this build, making it incompatible with Gradle 9.0.

You can use '--warning-mode all' to show the individual deprecation warnings and determine if they come from your own scripts or plugins.

For more on this, please refer to https://docs.gradle.org/8.8/userguide/command_line_interface.html#sec:command_line_warnings in the Gradle documentation.

BUILD FAILED in 19s
4 actionable tasks: 2 executed, 2 up-to-date
