#
# There is insufficient memory for the Java Runtime Environment to continue.
# Native memory allocation (malloc) failed to allocate 1048576 bytes. Error detail: AllocateHeap
# Possible reasons:
#   The system is out of physical RAM or swap space
#   This process is running with CompressedOops enabled, and the Java Heap may be blocking the growth of the native heap
# Possible solutions:
#   Reduce memory load on the system
#   Increase physical memory or swap space
#   Check if swap backing store is full
#   Decrease Java heap size (-Xmx/-Xms)
#   Decrease number of Java threads
#   Decrease Java thread stack sizes (-Xss)
#   Set larger code cache with -XX:ReservedCodeCacheSize=
#   JVM is running with Unscaled Compressed Oops mode in which the Java heap is
#     placed in the first 4GB address space. The Java Heap base address is the
#     maximum limit for the native heap growth. Please use -XX:HeapBaseMinAddress
#     to set the Java Heap base and to place the Java Heap above 4GB virtual address.
# This output file may be truncated or incomplete.
#
#  Out of Memory Error (allocation.cpp:44), pid=29032, tid=4588
#
# JRE version: OpenJDK Runtime Environment Temurin-21.0.11+10 (21.0.11+10) (build 21.0.11+10-LTS)
# Java VM: OpenJDK 64-Bit Server VM Temurin-21.0.11+10 (21.0.11+10-LTS, mixed mode, sharing, tiered, compressed oops, compressed class ptrs, parallel gc, windows-amd64)
# No core dump will be written. Minidumps are not enabled by default on client versions of Windows
#

---------------  S U M M A R Y ------------

Command Line: -Duser.language=en --add-modules=ALL-SYSTEM --add-opens=java.base/java.util=ALL-UNNAMED --add-opens=java.base/java.lang=ALL-UNNAMED --add-opens=java.base/sun.nio.fs=ALL-UNNAMED -Declipse.application=org.eclipse.jdt.ls.core.id1 -Dosgi.bundles.defaultStartLevel=4 -Declipse.product=org.eclipse.jdt.ls.core.product -Djava.import.generatesMetadataFilesAtProjectRoot=false -DDetectVMInstallationsJob.disabled=true -Dfile.encoding=utf8 -XX:+UseParallelGC -XX:GCTimeRatio=4 -XX:AdaptiveSizePolicyWeight=90 -Dsun.zip.disableMemoryMapping=true -Xmx2G -Xms100m -Xlog:disable -javaagent:c:\Users\Polaris_Light\.vscode\extensions\redhat.java-1.55.0-win32-x64\lombok\lombok-1.18.39-4050.jar -XX:+HeapDumpOnOutOfMemoryError -XX:HeapDumpPath=c:\Users\Polaris_Light\AppData\Roaming\Code\User\workspaceStorage\8bac98737b89180d39e512007c0c6714\redhat.java -Daether.dependencyCollector.impl=bf c:\Users\Polaris_Light\.vscode\extensions\redhat.java-1.55.0-win32-x64\server\plugins\org.eclipse.equinox.launcher_1.7.200.v20260619-2039.jar -configuration c:\Users\Polaris_Light\AppData\Roaming\Code\User\globalStorage\redhat.java\1.55.0\config_win -data c:\Users\Polaris_Light\AppData\Roaming\Code\User\workspaceStorage\8bac98737b89180d39e512007c0c6714\redhat.java\jdt_ws --pipe=\\.\pipe\lsp-6c2f298635db65166736973fa94b4f59-sock

Host: 11th Gen Intel(R) Core(TM) i7-1165G7 @ 2.80GHz, 8 cores, 15G,  Windows 11 , 64 bit Build 26100 (10.0.26100.8737)
Time: Thu Aug  6 19:00:42 2026 elapsed time: 11412.867063 seconds (0d 3h 10m 12s)

---------------  T H R E A D  ---------------

Current thread (0x00000197b13165f0):  JavaThread "Attach Listener" daemon [_thread_in_vm, id=4588, stack(0x0000008d83f00000,0x0000008d84000000) (1024K)]

Stack: [0x0000008d83f00000,0x0000008d84000000]
Native frames: (J=compiled Java code, j=interpreted, Vv=VM code, C=native code)
V  [jvm.dll+0x6d7e19]
V  [jvm.dll+0x8b5096]
V  [jvm.dll+0x8b764e]
V  [jvm.dll+0x8b7d33]
V  [jvm.dll+0x284596]
V  [jvm.dll+0xc13c7]
V  [jvm.dll+0x6d86c9]
V  [jvm.dll+0x133616]
V  [jvm.dll+0x3f868e]
V  [jvm.dll+0x85fb0d]
V  [jvm.dll+0x6d664d]
C  [ucrtbase.dll+0x2cd30]
C  [KERNEL32.DLL+0x2e957]
C  [ntdll.dll+0xaad6c]


---------------  P R O C E S S  ---------------

Threads class SMR info:
_java_thread_list=0x0000019815817f40, length=55, elements={
0x00000197b13978b0, 0x00000197b130fe40, 0x00000197b13125b0, 0x00000197b1315b90,
0x00000197b13165f0, 0x00000197b1317050, 0x00000197b1318ac0, 0x00000197b1327d20,
0x00000197b1336580, 0x000001980a839be0, 0x000001980a83a270, 0x000001980a83c9d0,
0x000001980a83a900, 0x000001980a83b620, 0x000001980a83af90, 0x000001980a83bcb0,
0x000001980a83d060, 0x000001980a83c340, 0x00000198104425c0, 0x0000019810445a40,
0x00000198104460d0, 0x0000019810446760, 0x00000198104432e0, 0x0000019810447480,
0x0000019810448ec0, 0x0000019810446df0, 0x00000198104481a0, 0x0000019810447b10,
0x0000019810448830, 0x0000019810449550, 0x0000019810449be0, 0x0000019811b93ab0,
0x0000019811b919e0, 0x0000019811b92070, 0x0000019811b93420, 0x0000019810ddfe30,
0x0000019810de04c0, 0x0000019810de0b50, 0x0000019810ddd6d0, 0x0000019810de2590,
0x000001981476dde0, 0x000001981476feb0, 0x000001981476ca30, 0x0000019814770540,
0x000001981476d0c0, 0x000001981476e470, 0x000001981476bd10, 0x0000019814772610,
0x0000019812f46f20, 0x0000019831407ac0, 0x0000019831408150, 0x0000019810dde3f0,
0x0000019810de1f00, 0x0000019810ddea80, 0x0000019810de2c20
}

Java Threads: ( => current thread )
  0x00000197b13978b0 JavaThread "main"                              [_thread_blocked, id=17020, stack(0x0000008d83800000,0x0000008d83900000) (1024K)]
  0x00000197b130fe40 JavaThread "Reference Handler"          daemon [_thread_blocked, id=5644, stack(0x0000008d83c00000,0x0000008d83d00000) (1024K)]
  0x00000197b13125b0 JavaThread "Finalizer"                  daemon [_thread_blocked, id=30888, stack(0x0000008d83d00000,0x0000008d83e00000) (1024K)]
  0x00000197b1315b90 JavaThread "Signal Dispatcher"          daemon [_thread_blocked, id=25384, stack(0x0000008d83e00000,0x0000008d83f00000) (1024K)]
=>0x00000197b13165f0 JavaThread "Attach Listener"            daemon [_thread_in_vm, id=4588, stack(0x0000008d83f00000,0x0000008d84000000) (1024K)]
  0x00000197b1317050 JavaThread "Service Thread"             daemon [_thread_blocked, id=13456, stack(0x0000008d84000000,0x0000008d84100000) (1024K)]
  0x00000197b1318ac0 JavaThread "Monitor Deflation Thread"   daemon [_thread_blocked, id=788, stack(0x0000008d84100000,0x0000008d84200000) (1024K)]
  0x00000197b1327d20 JavaThread "C2 CompilerThread0"         daemon [_thread_blocked, id=35224, stack(0x0000008d84200000,0x0000008d84300000) (1024K)]
  0x00000197b1336580 JavaThread "C1 CompilerThread0"         daemon [_thread_blocked, id=28152, stack(0x0000008d84300000,0x0000008d84400000) (1024K)]
  0x000001980a839be0 JavaThread "Common-Cleaner"             daemon [_thread_blocked, id=34088, stack(0x0000008d84400000,0x0000008d84500000) (1024K)]
  0x000001980a83a270 JavaThread "Notification Thread"        daemon [_thread_blocked, id=17372, stack(0x0000008d84500000,0x0000008d84600000) (1024K)]
  0x000001980a83c9d0 JavaThread "Active Thread: Equinox Container: d6604607-2ce1-4e4e-8097-48c2d2102bff"        [_thread_blocked, id=35848, stack(0x0000008d84600000,0x0000008d84700000) (1024K)]
  0x000001980a83a900 JavaThread "Refresh Thread: Equinox Container: d6604607-2ce1-4e4e-8097-48c2d2102bff" daemon [_thread_blocked, id=11464, stack(0x0000008d84e00000,0x0000008d84f00000) (1024K)]
  0x000001980a83b620 JavaThread "Framework Event Dispatcher: Equinox Container: d6604607-2ce1-4e4e-8097-48c2d2102bff" daemon [_thread_blocked, id=22772, stack(0x0000008d85000000,0x0000008d85100000) (1024K)]
  0x000001980a83af90 JavaThread "Start Level: Equinox Container: d6604607-2ce1-4e4e-8097-48c2d2102bff" daemon [_thread_blocked, id=31564, stack(0x0000008d85100000,0x0000008d85200000) (1024K)]
  0x000001980a83bcb0 JavaThread "Bundle File Closer"         daemon [_thread_blocked, id=8680, stack(0x0000008d85300000,0x0000008d85400000) (1024K)]
  0x000001980a83d060 JavaThread "SCR Component Actor"        daemon [_thread_blocked, id=13844, stack(0x0000008d84700000,0x0000008d84800000) (1024K)]
  0x000001980a83c340 JavaThread "Worker-JM"                         [_thread_blocked, id=26028, stack(0x0000008d85500000,0x0000008d85600000) (1024K)]
  0x00000198104425c0 JavaThread "Java indexing"              daemon [_thread_blocked, id=35680, stack(0x0000008d85800000,0x0000008d85900000) (1024K)]
  0x0000019810445a40 JavaThread "JNA Cleaner"                daemon [_thread_blocked, id=29676, stack(0x0000008d85b00000,0x0000008d85c00000) (1024K)]
  0x00000198104460d0 JavaThread "Thread-1"                   daemon [_thread_in_native, id=2300, stack(0x0000008d86000000,0x0000008d86100000) (1024K)]
  0x0000019810446760 JavaThread "Thread-2"                   daemon [_thread_in_native, id=5652, stack(0x0000008d86100000,0x0000008d86200000) (1024K)]
  0x00000198104432e0 JavaThread "Thread-3"                   daemon [_thread_in_native, id=32832, stack(0x0000008d86200000,0x0000008d86300000) (1024K)]
  0x0000019810447480 JavaThread "Thread-4"                   daemon [_thread_in_native, id=7984, stack(0x0000008d86300000,0x0000008d86400000) (1024K)]
  0x0000019810448ec0 JavaThread "Thread-5"                   daemon [_thread_in_native, id=19364, stack(0x0000008d86400000,0x0000008d86500000) (1024K)]
  0x0000019810446df0 JavaThread "Thread-6"                   daemon [_thread_in_native, id=20572, stack(0x0000008d86500000,0x0000008d86600000) (1024K)]
  0x00000198104481a0 JavaThread "Thread-7"                   daemon [_thread_in_native, id=7092, stack(0x0000008d86600000,0x0000008d86700000) (1024K)]
  0x0000019810447b10 JavaThread "Thread-8"                   daemon [_thread_in_native, id=23360, stack(0x0000008d86700000,0x0000008d86800000) (1024K)]
  0x0000019810448830 JavaThread "Thread-9"                   daemon [_thread_in_native, id=15432, stack(0x0000008d86800000,0x0000008d86900000) (1024K)]
  0x0000019810449550 JavaThread "pool-2-thread-1"                   [_thread_blocked, id=23424, stack(0x0000008d86900000,0x0000008d86a00000) (1024K)]
  0x0000019810449be0 JavaThread "WorkspaceEventsHandler"            [_thread_blocked, id=26016, stack(0x0000008d86a00000,0x0000008d86b00000) (1024K)]
  0x0000019811b93ab0 JavaThread "pool-1-thread-1"                   [_thread_blocked, id=12400, stack(0x0000008d86b00000,0x0000008d86c00000) (1024K)]
  0x0000019811b919e0 JavaThread "Timer-0"                           [_thread_blocked, id=10920, stack(0x0000008d86c00000,0x0000008d86d00000) (1024K)]
  0x0000019811b92070 JavaThread "Timer-1"                           [_thread_blocked, id=32496, stack(0x0000008d86d00000,0x0000008d86e00000) (1024K)]
  0x0000019811b93420 JavaThread "Timer-2"                           [_thread_blocked, id=36788, stack(0x0000008d86e00000,0x0000008d86f00000) (1024K)]
  0x0000019810ddfe30 JavaThread "Timer-3"                           [_thread_blocked, id=11960, stack(0x0000008d87800000,0x0000008d87900000) (1024K)]
  0x0000019810de04c0 JavaThread "Timer-4"                           [_thread_blocked, id=15464, stack(0x0000008d87900000,0x0000008d87a00000) (1024K)]
  0x0000019810de0b50 JavaThread "Timer-5"                           [_thread_blocked, id=18512, stack(0x0000008d85200000,0x0000008d85300000) (1024K)]
  0x0000019810ddd6d0 JavaThread "Timer-6"                           [_thread_blocked, id=21008, stack(0x0000008d87a00000,0x0000008d87b00000) (1024K)]
  0x0000019810de2590 JavaThread "Timer-7"                           [_thread_blocked, id=2344, stack(0x0000008d88000000,0x0000008d88100000) (1024K)]
  0x000001981476dde0 JavaThread "Timer-8"                           [_thread_blocked, id=30056, stack(0x0000008d88300000,0x0000008d88400000) (1024K)]
  0x000001981476feb0 JavaThread "Timer-9"                           [_thread_blocked, id=11912, stack(0x0000008d87e00000,0x0000008d87f00000) (1024K)]
  0x000001981476ca30 JavaThread "Timer-10"                          [_thread_blocked, id=35200, stack(0x0000008d88400000,0x0000008d88500000) (1024K)]
  0x0000019814770540 JavaThread "Timer-11"                          [_thread_blocked, id=33828, stack(0x0000008d88600000,0x0000008d88700000) (1024K)]
  0x000001981476d0c0 JavaThread "Timer-12"                          [_thread_blocked, id=12672, stack(0x0000008d88700000,0x0000008d88800000) (1024K)]
  0x000001981476e470 JavaThread "Timer-13"                          [_thread_blocked, id=16660, stack(0x0000008d85700000,0x0000008d85800000) (1024K)]
  0x000001981476bd10 JavaThread "Timer-14"                          [_thread_blocked, id=23052, stack(0x0000008d85c00000,0x0000008d85d00000) (1024K)]
  0x0000019814772610 JavaThread "Timer-15"                          [_thread_blocked, id=30880, stack(0x0000008d87000000,0x0000008d87100000) (1024K)]
  0x0000019812f46f20 JavaThread "Cleaner-0"                  daemon [_thread_blocked, id=29444, stack(0x0000008d88b00000,0x0000008d88c00000) (1024K)]
  0x0000019831407ac0 JavaThread "Worker-26"                         [_thread_blocked, id=27580, stack(0x0000008d85a00000,0x0000008d85b00000) (1024K)]
  0x0000019831408150 JavaThread "Worker-27"                         [_thread_blocked, id=32668, stack(0x0000008d83700000,0x0000008d83800000) (1024K)]
  0x0000019810dde3f0 JavaThread "ForkJoinPool.commonPool-worker-60" daemon [_thread_blocked, id=13244, stack(0x0000008d85400000,0x0000008d85500000) (1024K)]
  0x0000019810de1f00 JavaThread "ForkJoinPool.commonPool-worker-61" daemon [_thread_blocked, id=10716, stack(0x0000008d85600000,0x0000008d85700000) (1024K)]
  0x0000019810ddea80 JavaThread "ForkJoinPool.commonPool-worker-62" daemon [_thread_blocked, id=14936, stack(0x0000008d85900000,0x0000008d85a00000) (1024K)]
  0x0000019810de2c20 JavaThread "ForkJoinPool.commonPool-worker-63" daemon [_thread_blocked, id=5956, stack(0x0000008d83600000,0x0000008d83700000) (1024K)]
Total: 55

Other Threads:
  0x00000197b143bfa0 VMThread "VM Thread"                           [id=25916, stack(0x0000008d83b00000,0x0000008d83c00000) (1024K)]
  0x00000197b1406ef0 WatcherThread "VM Periodic Task Thread"        [id=22440, stack(0x0000008d83a00000,0x0000008d83b00000) (1024K)]
  0x00000197b13b91d0 WorkerThread "GC Thread#0"                     [id=27244, stack(0x0000008d83900000,0x0000008d83a00000) (1024K)]
  0x000001980f5bb380 WorkerThread "GC Thread#1"                     [id=30184, stack(0x0000008d84800000,0x0000008d84900000) (1024K)]
  0x000001980f5bafd0 WorkerThread "GC Thread#2"                     [id=11780, stack(0x0000008d84900000,0x0000008d84a00000) (1024K)]
  0x000001980f5ba4c0 WorkerThread "GC Thread#3"                     [id=4040, stack(0x0000008d84a00000,0x0000008d84b00000) (1024K)]
  0x000001980f5ba870 WorkerThread "GC Thread#4"                     [id=29608, stack(0x0000008d84b00000,0x0000008d84c00000) (1024K)]
  0x000001980f5bb730 WorkerThread "GC Thread#5"                     [id=33236, stack(0x0000008d84c00000,0x0000008d84d00000) (1024K)]
  0x000001980f5bac20 WorkerThread "GC Thread#6"                     [id=24764, stack(0x0000008d84d00000,0x0000008d84e00000) (1024K)]
  0x000001980f5bbae0 WorkerThread "GC Thread#7"                     [id=17452, stack(0x0000008d84f00000,0x0000008d85000000) (1024K)]
Total: 10

Threads with active compile tasks:
Total: 0

VM state: not at safepoint (normal execution)

VM Mutex/Monitor currently owned by a thread: None

Heap address: 0x0000000080000000, size: 2048 MB, Compressed Oops mode: 32-bit

CDS archive(s) mapped at: [0x00000197c8000000-0x00000197c8ba0000-0x00000197c8ba0000), size 12189696, SharedBaseAddress: 0x00000197c8000000, ArchiveRelocationMode: 1.
Compressed class space mapped at: 0x00000197c9000000-0x0000019809000000, reserved size: 1073741824
Narrow klass base: 0x00000197c8000000, Narrow klass shift: 0, Narrow klass range: 0x100000000

GC Precious Log:
 CardTable entry size: 512
 CPUs: 8 total, 8 available
 Memory: 16183M
 Large Page Support: Disabled
 NUMA Support: Disabled
 Compressed Oops: Enabled (32-bit)
 Alignments: Space 512K, Generation 512K, Heap 2M
 Heap Min Capacity: 100M
 Heap Initial Capacity: 100M
 Heap Max Capacity: 2G
 Pre-touch: Disabled
 Parallel Workers: 8

Heap:
 PSYoungGen      total 3584K, used 2276K [0x00000000d5580000, 0x00000000d5b00000, 0x0000000100000000)
  eden space 3072K, 69% used [0x00000000d5580000,0x00000000d5799350,0x00000000d5880000)
  from space 512K, 25% used [0x00000000d5900000,0x00000000d5920000,0x00000000d5980000)
  to   space 1024K, 0% used [0x00000000d5a00000,0x00000000d5a00000,0x00000000d5b00000)
 ParOldGen       total 1220608K, used 1220456K [0x0000000080000000, 0x00000000ca800000, 0x00000000d5580000)
  object space 1220608K, 99% used [0x0000000080000000,0x00000000ca7da398,0x00000000ca800000)
 Metaspace       used 120892K, committed 123072K, reserved 1179648K
  class space    used 13678K, committed 14784K, reserved 1048576K

Card table byte_map: [0x00000197b0d30000,0x00000197b1140000] _byte_map_base: 0x00000197b0930000

Marking Bits: (ParMarkBitMap*) 0x00007ffc8f8a4460
 Begin Bits: [0x00000197c3840000, 0x00000197c5840000)
 End Bits:   [0x00000197c5840000, 0x00000197c7840000)

Polling page: 0x00000197af270000

Metaspace:

Usage:
  Non-class:    104.70 MB used.
      Class:     13.36 MB used.
       Both:    118.06 MB used.

Virtual space:
  Non-class space:      128.00 MB reserved,     105.75 MB ( 83%) committed,  2 nodes.
      Class space:        1.00 GB reserved,      14.44 MB (  1%) committed,  1 nodes.
             Both:        1.12 GB reserved,     120.19 MB ( 10%) committed. 

Chunk freelists:
   Non-Class:  5.38 MB
       Class:  1.61 MB
        Both:  6.99 MB

MaxMetaspaceSize: unlimited
CompressedClassSpaceSize: 1.00 GB
Initial GC threshold: 21.00 MB
Current GC threshold: 197.81 MB
CDS: on
 - commit_granule_bytes: 65536.
 - commit_granule_words: 8192.
 - virtual_space_node_default_size: 8388608.
 - enlarge_chunks_in_place: 1.
 - use_allocation_guard: 0.


Internal statistics:

num_allocs_failed_limit: 9.
num_arena_births: 2654.
num_arena_deaths: 942.
num_vsnodes_births: 3.
num_vsnodes_deaths: 0.
num_space_committed: 1922.
num_space_uncommitted: 0.
num_chunks_returned_to_freelist: 1179.
num_chunks_taken_from_freelist: 9030.
num_chunk_merges: 426.
num_chunk_splits: 5397.
num_chunks_enlarged: 3203.
num_inconsistent_stats: 0.

CodeHeap 'non-profiled nmethods': size=120000Kb used=30326Kb max_used=30326Kb free=89673Kb
 bounds [0x00000197bc060000, 0x00000197bde00000, 0x00000197c3590000]
CodeHeap 'profiled nmethods': size=120000Kb used=39703Kb max_used=48313Kb free=80296Kb
 bounds [0x00000197b4590000, 0x00000197b74c0000, 0x00000197bbac0000]
CodeHeap 'non-nmethods': size=5760Kb used=1547Kb max_used=1638Kb free=4213Kb
 bounds [0x00000197bbac0000, 0x00000197bbd30000, 0x00000197bc060000]
CodeCache: size=245760Kb, used=71576Kb, max_used=80277Kb, free=174182Kb
 total_blobs=18558, nmethods=17701, adapters=757, full_count=0
Compilation: enabled, stopped_count=0, restarted_count=0

Compilation events (20 events):
Event: 11350.520 Thread 0x00000197b1336580 33660       3       org.eclipse.jdt.internal.core.manipulation.JavaElementLabelComposerCore::appendMethodConstructorTypeParams (46 bytes)
Event: 11350.521 Thread 0x00000197b1336580 nmethod 33660 0x00000197b6d5f490 code [0x00000197b6d5f6a0, 0x00000197b6d5fcb8]
Event: 11350.669 Thread 0x00000197b1336580 33661   !   3       org.eclipse.jdt.internal.core.NameLookup::<init> (805 bytes)
Event: 11350.683 Thread 0x00000197b1336580 nmethod 33661 0x00000197b749cd10 code [0x00000197b749d460, 0x00000197b74a23a0]
Event: 11350.698 Thread 0x00000197b1336580 33662 %     3       org.eclipse.jdt.internal.compiler.parser.TypeConverter::decodeType @ 24 (1624 bytes)
Event: 11350.706 Thread 0x00000197b1336580 nmethod 33662% 0x00000197b6d65390 code [0x00000197b6d65b80, 0x00000197b6d6b810]
Event: 11358.456 Thread 0x00000197b1336580 33663       3       lombok.core.configuration.FileSystemSourceCache$Content::<init> (21 bytes)
Event: 11358.457 Thread 0x00000197b1336580 nmethod 33663 0x00000197b6d64f90 code [0x00000197b6d65140, 0x00000197b6d652d0]
Event: 11358.459 Thread 0x00000197b1336580 33664       3       org.eclipse.jdt.internal.compiler.parser.TypeConverter::decodeType (1624 bytes)
Event: 11358.467 Thread 0x00000197b1336580 nmethod 33664 0x00000197b6fa6e10 code [0x00000197b6fa75e0, 0x00000197b6facf10]
Event: 11358.494 Thread 0x00000197b1327d20 33665       4       sun.nio.fs.WindowsChannelFactory::newFileChannel (130 bytes)
Event: 11358.551 Thread 0x00000197b1327d20 nmethod 33665 0x00000197bddf8390 code [0x00000197bddf8620, 0x00000197bddf9628]
Event: 11359.839 Thread 0x00000197b1327d20 33666       4       org.eclipse.jdt.internal.compiler.lookup.ReferenceBinding::canBeSeenBy (30 bytes)
Event: 11359.840 Thread 0x00000197b1327d20 nmethod 33666 0x00000197bddfa190 code [0x00000197bddfa320, 0x00000197bddfa410]
Event: 11360.103 Thread 0x00000197b1336580 33667       3       org.eclipse.jdt.internal.compiler.parser.SourceTypeConverter::convert (793 bytes)
Event: 11360.110 Thread 0x00000197b1336580 nmethod 33667 0x00000197b51fd790 code [0x00000197b51fdd00, 0x00000197b52018f8]
Event: 11360.167 Thread 0x00000197b1327d20 33668       4       org.eclipse.jdt.internal.core.SourceRefElement::getPath (8 bytes)
Event: 11360.180 Thread 0x00000197b1327d20 nmethod 33668 0x00000197bddfa510 code [0x00000197bddfa740, 0x00000197bddfad20]
Event: 11360.246 Thread 0x00000197b1327d20 33669       4       org.eclipse.jdt.internal.corext.fix.VariableDeclarationFixCore$WrittenNamesFinder::visit (153 bytes)
Event: 11360.278 Thread 0x00000197b1327d20 nmethod 33669 0x00000197bddfb410 code [0x00000197bddfb780, 0x00000197bddfcaa8]

GC Heap History (20 events):
Event: 11358.551 GC heap before
{Heap before GC invocations=7585 (full 11):
 PSYoungGen      total 3584K, used 3127K [0x00000000d5580000, 0x00000000d5a00000, 0x0000000100000000)
  eden space 2560K, 100% used [0x00000000d5580000,0x00000000d5800000,0x00000000d5800000)
  from space 1024K, 55% used [0x00000000d5800000,0x00000000d588dfa0,0x00000000d5900000)
  to   space 1024K, 0% used [0x00000000d5900000,0x00000000d5900000,0x00000000d5a00000)
 ParOldGen       total 1213952K, used 1213950K [0x0000000080000000, 0x00000000ca180000, 0x00000000d5580000)
  object space 1213952K, 99% used [0x0000000080000000,0x00000000ca17fbf0,0x00000000ca180000)
 Metaspace       used 120892K, committed 123072K, reserved 1179648K
  class space    used 13678K, committed 14784K, reserved 1048576K
}
Event: 11358.556 GC heap after
{Heap after GC invocations=7585 (full 11):
 PSYoungGen      total 3584K, used 953K [0x00000000d5580000, 0x00000000d5a00000, 0x0000000100000000)
  eden space 2560K, 0% used [0x00000000d5580000,0x00000000d5580000,0x00000000d5800000)
  from space 1024K, 93% used [0x00000000d5900000,0x00000000d59ee410,0x00000000d5a00000)
  to   space 1024K, 0% used [0x00000000d5800000,0x00000000d5800000,0x00000000d5900000)
 ParOldGen       total 1214464K, used 1214442K [0x0000000080000000, 0x00000000ca200000, 0x00000000d5580000)
  object space 1214464K, 99% used [0x0000000080000000,0x00000000ca1fabc0,0x00000000ca200000)
 Metaspace       used 120892K, committed 123072K, reserved 1179648K
  class space    used 13678K, committed 14784K, reserved 1048576K
}
Event: 11358.572 GC heap before
{Heap before GC invocations=7586 (full 11):
 PSYoungGen      total 3584K, used 3513K [0x00000000d5580000, 0x00000000d5a00000, 0x0000000100000000)
  eden space 2560K, 99% used [0x00000000d5580000,0x00000000d57ffff8,0x00000000d5800000)
  from space 1024K, 93% used [0x00000000d5900000,0x00000000d59ee410,0x00000000d5a00000)
  to   space 1024K, 0% used [0x00000000d5800000,0x00000000d5800000,0x00000000d5900000)
 ParOldGen       total 1214464K, used 1214442K [0x0000000080000000, 0x00000000ca200000, 0x00000000d5580000)
  object space 1214464K, 99% used [0x0000000080000000,0x00000000ca1fabc0,0x00000000ca200000)
 Metaspace       used 120892K, committed 123072K, reserved 1179648K
  class space    used 13678K, committed 14784K, reserved 1048576K
}
Event: 11358.580 GC heap after
{Heap after GC invocations=7586 (full 11):
 PSYoungGen      total 3584K, used 992K [0x00000000d5580000, 0x00000000d5a80000, 0x0000000100000000)
  eden space 2560K, 0% used [0x00000000d5580000,0x00000000d5580000,0x00000000d5800000)
  from space 1024K, 96% used [0x00000000d5800000,0x00000000d58f8000,0x00000000d5900000)
  to   space 1024K, 0% used [0x00000000d5980000,0x00000000d5980000,0x00000000d5a80000)
 ParOldGen       total 1215488K, used 1215243K [0x0000000080000000, 0x00000000ca300000, 0x00000000d5580000)
  object space 1215488K, 99% used [0x0000000080000000,0x00000000ca2c2fd0,0x00000000ca300000)
 Metaspace       used 120892K, committed 123072K, reserved 1179648K
  class space    used 13678K, committed 14784K, reserved 1048576K
}
Event: 11359.818 GC heap before
{Heap before GC invocations=7587 (full 11):
 PSYoungGen      total 3584K, used 3551K [0x00000000d5580000, 0x00000000d5a80000, 0x0000000100000000)
  eden space 2560K, 99% used [0x00000000d5580000,0x00000000d57ffda8,0x00000000d5800000)
  from space 1024K, 96% used [0x00000000d5800000,0x00000000d58f8000,0x00000000d5900000)
  to   space 1024K, 0% used [0x00000000d5980000,0x00000000d5980000,0x00000000d5a80000)
 ParOldGen       total 1215488K, used 1215243K [0x0000000080000000, 0x00000000ca300000, 0x00000000d5580000)
  object space 1215488K, 99% used [0x0000000080000000,0x00000000ca2c2fd0,0x00000000ca300000)
 Metaspace       used 120892K, committed 123072K, reserved 1179648K
  class space    used 13678K, committed 14784K, reserved 1048576K
}
Event: 11359.823 GC heap after
{Heap after GC invocations=7587 (full 11):
 PSYoungGen      total 3584K, used 521K [0x00000000d5580000, 0x00000000d5a80000, 0x0000000100000000)
  eden space 2560K, 0% used [0x00000000d5580000,0x00000000d5580000,0x00000000d5800000)
  from space 1024K, 50% used [0x00000000d5980000,0x00000000d5a02400,0x00000000d5a80000)
  to   space 1024K, 0% used [0x00000000d5800000,0x00000000d5800000,0x00000000d5900000)
 ParOldGen       total 1216512K, used 1216152K [0x0000000080000000, 0x00000000ca400000, 0x00000000d5580000)
  object space 1216512K, 99% used [0x0000000080000000,0x00000000ca3a6000,0x00000000ca400000)
 Metaspace       used 120892K, committed 123072K, reserved 1179648K
  class space    used 13678K, committed 14784K, reserved 1048576K
}
Event: 11359.832 GC heap before
{Heap before GC invocations=7588 (full 11):
 PSYoungGen      total 3584K, used 3081K [0x00000000d5580000, 0x00000000d5a80000, 0x0000000100000000)
  eden space 2560K, 100% used [0x00000000d5580000,0x00000000d5800000,0x00000000d5800000)
  from space 1024K, 50% used [0x00000000d5980000,0x00000000d5a02400,0x00000000d5a80000)
  to   space 1024K, 0% used [0x00000000d5800000,0x00000000d5800000,0x00000000d5900000)
 ParOldGen       total 1216512K, used 1216152K [0x0000000080000000, 0x00000000ca400000, 0x00000000d5580000)
  object space 1216512K, 99% used [0x0000000080000000,0x00000000ca3a6000,0x00000000ca400000)
 Metaspace       used 120892K, committed 123072K, reserved 1179648K
  class space    used 13678K, committed 14784K, reserved 1048576K
}
Event: 11359.837 GC heap after
{Heap after GC invocations=7588 (full 11):
 PSYoungGen      total 3584K, used 784K [0x00000000d5580000, 0x00000000d5a80000, 0x0000000100000000)
  eden space 2560K, 0% used [0x00000000d5580000,0x00000000d5580000,0x00000000d5800000)
  from space 1024K, 76% used [0x00000000d5800000,0x00000000d58c4010,0x00000000d5900000)
  to   space 1024K, 0% used [0x00000000d5980000,0x00000000d5980000,0x00000000d5a80000)
 ParOldGen       total 1217024K, used 1216577K [0x0000000080000000, 0x00000000ca480000, 0x00000000d5580000)
  object space 1217024K, 99% used [0x0000000080000000,0x00000000ca410400,0x00000000ca480000)
 Metaspace       used 120892K, committed 123072K, reserved 1179648K
  class space    used 13678K, committed 14784K, reserved 1048576K
}
Event: 11359.854 GC heap before
{Heap before GC invocations=7589 (full 11):
 PSYoungGen      total 3584K, used 3344K [0x00000000d5580000, 0x00000000d5a80000, 0x0000000100000000)
  eden space 2560K, 100% used [0x00000000d5580000,0x00000000d5800000,0x00000000d5800000)
  from space 1024K, 76% used [0x00000000d5800000,0x00000000d58c4010,0x00000000d5900000)
  to   space 1024K, 0% used [0x00000000d5980000,0x00000000d5980000,0x00000000d5a80000)
 ParOldGen       total 1217024K, used 1216577K [0x0000000080000000, 0x00000000ca480000, 0x00000000d5580000)
  object space 1217024K, 99% used [0x0000000080000000,0x00000000ca410400,0x00000000ca480000)
 Metaspace       used 120892K, committed 123072K, reserved 1179648K
  class space    used 13678K, committed 14784K, reserved 1048576K
}
Event: 11359.861 GC heap after
{Heap after GC invocations=7589 (full 11):
 PSYoungGen      total 4096K, used 960K [0x00000000d5580000, 0x00000000d5a80000, 0x0000000100000000)
  eden space 3072K, 0% used [0x00000000d5580000,0x00000000d5580000,0x00000000d5880000)
  from space 1024K, 93% used [0x00000000d5980000,0x00000000d5a70000,0x00000000d5a80000)
  to   space 1024K, 0% used [0x00000000d5880000,0x00000000d5880000,0x00000000d5980000)
 ParOldGen       total 1217536K, used 1217239K [0x0000000080000000, 0x00000000ca500000, 0x00000000d5580000)
  object space 1217536K, 99% used [0x0000000080000000,0x00000000ca4b5ef8,0x00000000ca500000)
 Metaspace       used 120892K, committed 123072K, reserved 1179648K
  class space    used 13678K, committed 14784K, reserved 1048576K
}
Event: 11360.010 GC heap before
{Heap before GC invocations=7590 (full 11):
 PSYoungGen      total 4096K, used 4032K [0x00000000d5580000, 0x00000000d5a80000, 0x0000000100000000)
  eden space 3072K, 100% used [0x00000000d5580000,0x00000000d5880000,0x00000000d5880000)
  from space 1024K, 93% used [0x00000000d5980000,0x00000000d5a70000,0x00000000d5a80000)
  to   space 1024K, 0% used [0x00000000d5880000,0x00000000d5880000,0x00000000d5980000)
 ParOldGen       total 1217536K, used 1217239K [0x0000000080000000, 0x00000000ca500000, 0x00000000d5580000)
  object space 1217536K, 99% used [0x0000000080000000,0x00000000ca4b5ef8,0x00000000ca500000)
 Metaspace       used 120892K, committed 123072K, reserved 1179648K
  class space    used 13678K, committed 14784K, reserved 1048576K
}
Event: 11360.015 GC heap after
{Heap after GC invocations=7590 (full 11):
 PSYoungGen      total 4096K, used 576K [0x00000000d5580000, 0x00000000d5a80000, 0x0000000100000000)
  eden space 3072K, 0% used [0x00000000d5580000,0x00000000d5580000,0x00000000d5880000)
  from space 1024K, 56% used [0x00000000d5880000,0x00000000d5910000,0x00000000d5980000)
  to   space 1024K, 0% used [0x00000000d5980000,0x00000000d5980000,0x00000000d5a80000)
 ParOldGen       total 1218560K, used 1218147K [0x0000000080000000, 0x00000000ca600000, 0x00000000d5580000)
  object space 1218560K, 99% used [0x0000000080000000,0x00000000ca598f48,0x00000000ca600000)
 Metaspace       used 120892K, committed 123072K, reserved 1179648K
  class space    used 13678K, committed 14784K, reserved 1048576K
}
Event: 11360.090 GC heap before
{Heap before GC invocations=7591 (full 11):
 PSYoungGen      total 4096K, used 3648K [0x00000000d5580000, 0x00000000d5a80000, 0x0000000100000000)
  eden space 3072K, 100% used [0x00000000d5580000,0x00000000d5880000,0x00000000d5880000)
  from space 1024K, 56% used [0x00000000d5880000,0x00000000d5910000,0x00000000d5980000)
  to   space 1024K, 0% used [0x00000000d5980000,0x00000000d5980000,0x00000000d5a80000)
 ParOldGen       total 1218560K, used 1218147K [0x0000000080000000, 0x00000000ca600000, 0x00000000d5580000)
  object space 1218560K, 99% used [0x0000000080000000,0x00000000ca598f48,0x00000000ca600000)
 Metaspace       used 120892K, committed 123072K, reserved 1179648K
  class space    used 13678K, committed 14784K, reserved 1048576K
}
Event: 11360.097 GC heap after
{Heap after GC invocations=7591 (full 11):
 PSYoungGen      total 4096K, used 713K [0x00000000d5580000, 0x00000000d5a80000, 0x0000000100000000)
  eden space 3072K, 0% used [0x00000000d5580000,0x00000000d5580000,0x00000000d5880000)
  from space 1024K, 69% used [0x00000000d5980000,0x00000000d5a32400,0x00000000d5a80000)
  to   space 1024K, 0% used [0x00000000d5880000,0x00000000d5880000,0x00000000d5980000)
 ParOldGen       total 1219072K, used 1218611K [0x0000000080000000, 0x00000000ca680000, 0x00000000d5580000)
  object space 1219072K, 99% used [0x0000000080000000,0x00000000ca60cf58,0x00000000ca680000)
 Metaspace       used 120892K, committed 123072K, reserved 1179648K
  class space    used 13678K, committed 14784K, reserved 1048576K
}
Event: 11360.125 GC heap before
{Heap before GC invocations=7592 (full 11):
 PSYoungGen      total 4096K, used 3785K [0x00000000d5580000, 0x00000000d5a80000, 0x0000000100000000)
  eden space 3072K, 100% used [0x00000000d5580000,0x00000000d5880000,0x00000000d5880000)
  from space 1024K, 69% used [0x00000000d5980000,0x00000000d5a32400,0x00000000d5a80000)
  to   space 1024K, 0% used [0x00000000d5880000,0x00000000d5880000,0x00000000d5980000)
 ParOldGen       total 1219072K, used 1218611K [0x0000000080000000, 0x00000000ca680000, 0x00000000d5580000)
  object space 1219072K, 99% used [0x0000000080000000,0x00000000ca60cf58,0x00000000ca680000)
 Metaspace       used 120892K, committed 123072K, reserved 1179648K
  class space    used 13678K, committed 14784K, reserved 1048576K
}
Event: 11360.130 GC heap after
{Heap after GC invocations=7592 (full 11):
 PSYoungGen      total 4096K, used 1024K [0x00000000d5580000, 0x00000000d5c80000, 0x0000000100000000)
  eden space 3072K, 0% used [0x00000000d5580000,0x00000000d5580000,0x00000000d5880000)
  from space 1024K, 100% used [0x00000000d5880000,0x00000000d5980000,0x00000000d5980000)
  to   space 2048K, 0% used [0x00000000d5a80000,0x00000000d5a80000,0x00000000d5c80000)
 ParOldGen       total 1219584K, used 1219260K [0x0000000080000000, 0x00000000ca700000, 0x00000000d5580000)
  object space 1219584K, 99% used [0x0000000080000000,0x00000000ca6af368,0x00000000ca700000)
 Metaspace       used 120892K, committed 123072K, reserved 1179648K
  class space    used 13678K, committed 14784K, reserved 1048576K
}
Event: 11360.153 GC heap before
{Heap before GC invocations=7593 (full 11):
 PSYoungGen      total 4096K, used 4096K [0x00000000d5580000, 0x00000000d5c80000, 0x0000000100000000)
  eden space 3072K, 100% used [0x00000000d5580000,0x00000000d5880000,0x00000000d5880000)
  from space 1024K, 100% used [0x00000000d5880000,0x00000000d5980000,0x00000000d5980000)
  to   space 2048K, 0% used [0x00000000d5a80000,0x00000000d5a80000,0x00000000d5c80000)
 ParOldGen       total 1219584K, used 1219260K [0x0000000080000000, 0x00000000ca700000, 0x00000000d5580000)
  object space 1219584K, 99% used [0x0000000080000000,0x00000000ca6af368,0x00000000ca700000)
 Metaspace       used 120892K, committed 123072K, reserved 1179648K
  class space    used 13678K, committed 14784K, reserved 1048576K
}
Event: 11360.164 GC heap after
{Heap after GC invocations=7593 (full 11):
 PSYoungGen      total 4608K, used 1081K [0x00000000d5580000, 0x00000000d5c00000, 0x0000000100000000)
  eden space 3072K, 0% used [0x00000000d5580000,0x00000000d5580000,0x00000000d5880000)
  from space 1536K, 70% used [0x00000000d5a80000,0x00000000d5b8e410,0x00000000d5c00000)
  to   space 1536K, 0% used [0x00000000d5900000,0x00000000d5900000,0x00000000d5a80000)
 ParOldGen       total 1220608K, used 1220264K [0x0000000080000000, 0x00000000ca800000, 0x00000000d5580000)
  object space 1220608K, 99% used [0x0000000080000000,0x00000000ca7aa398,0x00000000ca800000)
 Metaspace       used 120892K, committed 123072K, reserved 1179648K
  class space    used 13678K, committed 14784K, reserved 1048576K
}
Event: 11360.184 GC heap before
{Heap before GC invocations=7594 (full 11):
 PSYoungGen      total 4608K, used 4153K [0x00000000d5580000, 0x00000000d5c00000, 0x0000000100000000)
  eden space 3072K, 100% used [0x00000000d5580000,0x00000000d5880000,0x00000000d5880000)
  from space 1536K, 70% used [0x00000000d5a80000,0x00000000d5b8e410,0x00000000d5c00000)
  to   space 1536K, 0% used [0x00000000d5900000,0x00000000d5900000,0x00000000d5a80000)
 ParOldGen       total 1220608K, used 1220264K [0x0000000080000000, 0x00000000ca800000, 0x00000000d5580000)
  object space 1220608K, 99% used [0x0000000080000000,0x00000000ca7aa398,0x00000000ca800000)
 Metaspace       used 120892K, committed 123072K, reserved 1179648K
  class space    used 13678K, committed 14784K, reserved 1048576K
}
Event: 11360.188 GC heap after
{Heap after GC invocations=7594 (full 11):
 PSYoungGen      total 3584K, used 128K [0x00000000d5580000, 0x00000000d5b00000, 0x0000000100000000)
  eden space 3072K, 0% used [0x00000000d5580000,0x00000000d5580000,0x00000000d5880000)
  from space 512K, 25% used [0x00000000d5900000,0x00000000d5920000,0x00000000d5980000)
  to   space 1024K, 0% used [0x00000000d5a00000,0x00000000d5a00000,0x00000000d5b00000)
 ParOldGen       total 1220608K, used 1220456K [0x0000000080000000, 0x00000000ca800000, 0x00000000d5580000)
  object space 1220608K, 99% used [0x0000000080000000,0x00000000ca7da398,0x00000000ca800000)
 Metaspace       used 120892K, committed 123072K, reserved 1179648K
  class space    used 13678K, committed 14784K, reserved 1048576K
}

Dll operation events (16 events):
Event: 0.169 Loaded shared library c:\Users\Polaris_Light\.vscode\extensions\redhat.java-1.55.0-win32-x64\jre\21.0.11-win32-x86_64\bin\java.dll
Event: 0.373 Loaded shared library c:\Users\Polaris_Light\.vscode\extensions\redhat.java-1.55.0-win32-x64\jre\21.0.11-win32-x86_64\bin\zip.dll
Event: 0.656 Loaded shared library C:\Users\Polaris_Light\.vscode\extensions\redhat.java-1.55.0-win32-x64\jre\21.0.11-win32-x86_64\bin\instrument.dll
Event: 0.666 Loaded shared library C:\Users\Polaris_Light\.vscode\extensions\redhat.java-1.55.0-win32-x64\jre\21.0.11-win32-x86_64\bin\net.dll
Event: 0.672 Loaded shared library C:\Users\Polaris_Light\.vscode\extensions\redhat.java-1.55.0-win32-x64\jre\21.0.11-win32-x86_64\bin\nio.dll
Event: 0.678 Loaded shared library C:\Users\Polaris_Light\.vscode\extensions\redhat.java-1.55.0-win32-x64\jre\21.0.11-win32-x86_64\bin\zip.dll
Event: 0.717 Loaded shared library C:\Users\Polaris_Light\.vscode\extensions\redhat.java-1.55.0-win32-x64\jre\21.0.11-win32-x86_64\bin\jimage.dll
Event: 0.865 Loaded shared library c:\Users\Polaris_Light\.vscode\extensions\redhat.java-1.55.0-win32-x64\jre\21.0.11-win32-x86_64\bin\verify.dll
Event: 3.490 Loaded shared library C:\Users\Polaris_Light\AppData\Roaming\Code\User\globalStorage\redhat.java\1.55.0\config_win\org.eclipse.equinox.launcher\org.eclipse.equinox.launcher.win32.win32.x86_64_1.3.100.v20260613-0559\eclipse_11924.dll
Event: 7.271 Loaded shared library C:\Users\Polaris_Light\.vscode\extensions\redhat.java-1.55.0-win32-x64\jre\21.0.11-win32-x86_64\bin\management.dll
Event: 7.276 Loaded shared library C:\Users\Polaris_Light\.vscode\extensions\redhat.java-1.55.0-win32-x64\jre\21.0.11-win32-x86_64\bin\management_ext.dll
Event: 7.675 Loaded shared library D:\Temp\jna-1258692287\jna8007480713458109153.dll
Event: 14.498 Loaded shared library D:\.gradle\native\660c5614fbf4a5f2a75b1949f50a0caf5cd603558e7d8a26e50b933a0cfb79d1\windows-amd64\native-platform.dll
Event: 22.432 Loaded shared library C:\Users\Polaris_Light\.vscode\extensions\redhat.java-1.55.0-win32-x64\jre\21.0.11-win32-x86_64\bin\extnet.dll
Event: 29.577 Loaded shared library C:\Users\Polaris_Light\.vscode\extensions\redhat.java-1.55.0-win32-x64\jre\21.0.11-win32-x86_64\bin\sunmscapi.dll
Event: 59.685 Loaded shared library D:\.gradle\native\c067742578af261105cb4f569cf0c3c89f3d7b1fecec35dd04571415982c5e48\windows-amd64\native-platform.dll

Deoptimization events (20 events):
Event: 11071.512 Thread 0x0000019831408150 Uncommon trap: trap_request=0xffffff45 fr.pc=0x00000197bcae09b8 relative=0x0000000000002538
Event: 11071.512 Thread 0x0000019831408150 Uncommon trap: reason=unstable_if action=reinterpret pc=0x00000197bcae09b8 method=org.eclipse.jdt.internal.compiler.parser.TypeConverter.decodeType(Ljava/lang/String;III)Lorg/eclipse/jdt/internal/compiler/ast/TypeReference; @ 1130 c2
Event: 11071.512 Thread 0x0000019831408150 DEOPT PACKING pc=0x00000197bcae09b8 sp=0x0000008d837fd940
Event: 11071.513 Thread 0x0000019831408150 DEOPT UNPACKING pc=0x00000197bbb16da2 sp=0x0000008d837fd8b8 mode 2
Event: 11075.465 Thread 0x00000198147718f0 Uncommon trap: trap_request=0xffffff45 fr.pc=0x00000197bca01950 relative=0x0000000000003a70
Event: 11075.465 Thread 0x00000198147718f0 Uncommon trap: reason=unstable_if action=reinterpret pc=0x00000197bca01950 method=org.eclipse.jdt.internal.core.NameLookup.<init>(Lorg/eclipse/jdt/internal/core/JavaProject;[Lorg/eclipse/jdt/core/IPackageFragmentRoot;Lorg/eclipse/jdt/internal/core/util/Ha
Event: 11075.465 Thread 0x00000198147718f0 DEOPT PACKING pc=0x00000197bca01950 sp=0x0000008d85dfe160
Event: 11075.465 Thread 0x00000198147718f0 DEOPT UNPACKING pc=0x00000197bbb16da2 sp=0x0000008d85dfe0f8 mode 2
Event: 11075.469 Thread 0x00000198147718f0 Uncommon trap: trap_request=0xffffff45 fr.pc=0x00000197bc270540 relative=0x0000000000000460
Event: 11075.469 Thread 0x00000198147718f0 Uncommon trap: reason=unstable_if action=reinterpret pc=0x00000197bc270540 method=org.eclipse.jdt.internal.compiler.lookup.CompilationUnitScope.module()Lorg/eclipse/jdt/internal/compiler/lookup/ModuleBinding; @ 17 c2
Event: 11075.469 Thread 0x00000198147718f0 DEOPT PACKING pc=0x00000197bc270540 sp=0x0000008d85dfe0d0
Event: 11075.469 Thread 0x00000198147718f0 DEOPT UNPACKING pc=0x00000197bbb16da2 sp=0x0000008d85dfe068 mode 2
Event: 11075.470 Thread 0x00000198147718f0 Uncommon trap: trap_request=0xffffff45 fr.pc=0x00000197bcc72258 relative=0x0000000000000118
Event: 11075.470 Thread 0x00000198147718f0 Uncommon trap: reason=unstable_if action=reinterpret pc=0x00000197bcc72258 method=org.eclipse.jdt.core.dom.DefaultCommentMapper$CommentMapperVisitor.endVisitNode(Lorg/eclipse/jdt/core/dom/ASTNode;)V @ 64 c2
Event: 11075.470 Thread 0x00000198147718f0 DEOPT PACKING pc=0x00000197bcc72258 sp=0x0000008d85dfe0e0
Event: 11075.470 Thread 0x00000198147718f0 DEOPT UNPACKING pc=0x00000197bbb16da2 sp=0x0000008d85dfe080 mode 2
Event: 11076.003 Thread 0x00000198147718f0 Uncommon trap: trap_request=0xffffff45 fr.pc=0x00000197bc19628c relative=0x000000000000052c
Event: 11076.003 Thread 0x00000198147718f0 Uncommon trap: reason=unstable_if action=reinterpret pc=0x00000197bc19628c method=java.util.List.of([Ljava/lang/Object;)Ljava/util/List; @ 2 c2
Event: 11076.003 Thread 0x00000198147718f0 DEOPT PACKING pc=0x00000197bc19628c sp=0x0000008d85dfeb30
Event: 11076.003 Thread 0x00000198147718f0 DEOPT UNPACKING pc=0x00000197bbb16da2 sp=0x0000008d85dfead8 mode 2

Classes loaded (20 events):
Event: 987.064 Loading class java/util/regex/Pattern$Neg
Event: 987.064 Loading class java/util/regex/Pattern$Neg done
Event: 1581.785 Loading class java/nio/channels/CompletionHandler
Event: 1581.785 Loading class java/nio/channels/CompletionHandler done
Event: 1616.656 Loading class jdk/internal/icu/text/NormalizerBase$NFCModeImpl
Event: 1616.656 Loading class jdk/internal/icu/text/NormalizerBase$NFCModeImpl done
Event: 1616.656 Loading class jdk/internal/icu/impl/Norm2AllModes$NFCSingleton
Event: 1616.656 Loading class jdk/internal/icu/impl/Norm2AllModes$NFCSingleton done
Event: 1616.658 Loading class java/nio/StringCharBuffer
Event: 1616.658 Loading class java/nio/StringCharBuffer done
Event: 2253.381 Loading class java/util/stream/ReferencePipeline$15
Event: 2253.382 Loading class java/util/stream/ReferencePipeline$15 done
Event: 2253.385 Loading class java/util/stream/ReferencePipeline$15$1
Event: 2253.386 Loading class java/util/stream/ReferencePipeline$15$1 done
Event: 2253.718 Loading class java/lang/MatchException
Event: 2253.719 Loading class java/lang/MatchException done
Event: 3328.293 Loading class java/lang/Throwable$WrappedPrintWriter
Event: 3328.294 Loading class java/lang/Throwable$PrintStreamOrWriter
Event: 3328.294 Loading class java/lang/Throwable$PrintStreamOrWriter done
Event: 3328.294 Loading class java/lang/Throwable$WrappedPrintWriter done

Classes unloaded (20 events):
Event: 3302.825 Thread 0x00000197b143bfa0 Unloading class 0x00000197c901ec00 'java/lang/invoke/LambdaForm$MH+0x00000197c901ec00'
Event: 3302.825 Thread 0x00000197b143bfa0 Unloading class 0x00000197c9018800 'java/lang/invoke/LambdaForm$MH+0x00000197c9018800'
Event: 3302.825 Thread 0x00000197b143bfa0 Unloading class 0x00000197c900d800 'java/lang/invoke/LambdaForm$MH+0x00000197c900d800'
Event: 3302.825 Thread 0x00000197b143bfa0 Unloading class 0x00000197c900d400 'java/lang/invoke/LambdaForm$MH+0x00000197c900d400'
Event: 3302.825 Thread 0x00000197b143bfa0 Unloading class 0x00000197c900d000 'java/lang/invoke/LambdaForm$MH+0x00000197c900d000'
Event: 3302.825 Thread 0x00000197b143bfa0 Unloading class 0x00000197c900cc00 'java/lang/invoke/LambdaForm$MH+0x00000197c900cc00'
Event: 3302.825 Thread 0x00000197b143bfa0 Unloading class 0x00000197c900c800 'java/lang/invoke/LambdaForm$BMH+0x00000197c900c800'
Event: 3302.825 Thread 0x00000197b143bfa0 Unloading class 0x00000197c900c000 'java/lang/invoke/LambdaForm$DMH+0x00000197c900c000'
Event: 3302.825 Thread 0x00000197b143bfa0 Unloading class 0x00000197c9008c00 'java/lang/invoke/LambdaForm$MH+0x00000197c9008c00'
Event: 3302.825 Thread 0x00000197b143bfa0 Unloading class 0x00000197c9008800 'java/lang/invoke/LambdaForm$MH+0x00000197c9008800'
Event: 3302.825 Thread 0x00000197b143bfa0 Unloading class 0x00000197c9008400 'java/lang/invoke/LambdaForm$MH+0x00000197c9008400'
Event: 3302.825 Thread 0x00000197b143bfa0 Unloading class 0x00000197c9007000 'java/lang/invoke/LambdaForm$MH+0x00000197c9007000'
Event: 3302.825 Thread 0x00000197b143bfa0 Unloading class 0x00000197c9006c00 'java/lang/invoke/LambdaForm$MH+0x00000197c9006c00'
Event: 3302.825 Thread 0x00000197b143bfa0 Unloading class 0x00000197c9006800 'java/lang/invoke/LambdaForm$MH+0x00000197c9006800'
Event: 3302.825 Thread 0x00000197b143bfa0 Unloading class 0x00000197c9006400 'java/lang/invoke/LambdaForm$MH+0x00000197c9006400'
Event: 3302.825 Thread 0x00000197b143bfa0 Unloading class 0x00000197c9005c00 'java/lang/invoke/LambdaForm$BMH+0x00000197c9005c00'
Event: 3302.825 Thread 0x00000197b143bfa0 Unloading class 0x00000197c9004800 'java/lang/invoke/LambdaForm$DMH+0x00000197c9004800'
Event: 3302.825 Thread 0x00000197b143bfa0 Unloading class 0x00000197c9002400 'java/lang/invoke/LambdaForm$MH+0x00000197c9002400'
Event: 3302.825 Thread 0x00000197b143bfa0 Unloading class 0x00000197c9002000 'java/lang/invoke/LambdaForm$MH+0x00000197c9002000'
Event: 3302.825 Thread 0x00000197b143bfa0 Unloading class 0x00000197c9001800 'java/lang/invoke/LambdaForm$MH+0x00000197c9001800'

Classes redefined (0 events):
No events

Internal exceptions (20 events):
Event: 9824.665 Thread 0x0000019831408150 Exception <a 'sun/nio/fs/WindowsException'{0x00000000d57df8c0}> (0x00000000d57df8c0) 
thrown [s\src\hotspot\share\prims\jni.cpp, line 520]
Event: 9824.670 Thread 0x0000019831408150 Exception <a 'sun/nio/fs/WindowsException'{0x00000000d57ee8c0}> (0x00000000d57ee8c0) 
thrown [s\src\hotspot\share\prims\jni.cpp, line 520]
Event: 9824.675 Thread 0x0000019831408150 Exception <a 'sun/nio/fs/WindowsException'{0x00000000d57fd9f8}> (0x00000000d57fd9f8) 
thrown [s\src\hotspot\share\prims\jni.cpp, line 520]
Event: 9824.683 Thread 0x0000019831408150 Exception <a 'sun/nio/fs/WindowsException'{0x00000000d558a468}> (0x00000000d558a468) 
thrown [s\src\hotspot\share\prims\jni.cpp, line 520]
Event: 9824.689 Thread 0x0000019831408150 Exception <a 'sun/nio/fs/WindowsException'{0x00000000d5596a78}> (0x00000000d5596a78) 
thrown [s\src\hotspot\share\prims\jni.cpp, line 520]
Event: 9824.694 Thread 0x0000019831408150 Exception <a 'sun/nio/fs/WindowsException'{0x00000000d55a2cd8}> (0x00000000d55a2cd8) 
thrown [s\src\hotspot\share\prims\jni.cpp, line 520]
Event: 9824.700 Thread 0x0000019831408150 Exception <a 'sun/nio/fs/WindowsException'{0x00000000d55aee18}> (0x00000000d55aee18) 
thrown [s\src\hotspot\share\prims\jni.cpp, line 520]
Event: 9824.705 Thread 0x0000019831408150 Exception <a 'sun/nio/fs/WindowsException'{0x00000000d55baea8}> (0x00000000d55baea8) 
thrown [s\src\hotspot\share\prims\jni.cpp, line 520]
Event: 9824.710 Thread 0x0000019831408150 Exception <a 'sun/nio/fs/WindowsException'{0x00000000d55c7160}> (0x00000000d55c7160) 
thrown [s\src\hotspot\share\prims\jni.cpp, line 520]
Event: 9824.715 Thread 0x0000019831408150 Exception <a 'sun/nio/fs/WindowsException'{0x00000000d55d3440}> (0x00000000d55d3440) 
thrown [s\src\hotspot\share\prims\jni.cpp, line 520]
Event: 9861.276 Thread 0x0000019831408150 Exception <a 'sun/nio/fs/WindowsException'{0x00000000d56d84b8}> (0x00000000d56d84b8) 
thrown [s\src\hotspot\share\prims\jni.cpp, line 520]
Event: 9866.270 Thread 0x0000019831408150 Exception <a 'sun/nio/fs/WindowsException'{0x00000000d578e070}> (0x00000000d578e070) 
thrown [s\src\hotspot\share\prims\jni.cpp, line 520]
Event: 9873.716 Thread 0x0000019831408150 Exception <a 'sun/nio/fs/WindowsException'{0x00000000d55c7238}> (0x00000000d55c7238) 
thrown [s\src\hotspot\share\prims\jni.cpp, line 520]
Event: 10124.331 Thread 0x0000019831408150 Exception <a 'sun/nio/fs/WindowsException'{0x00000000d56362f0}> (0x00000000d56362f0) 
thrown [s\src\hotspot\share\prims\jni.cpp, line 520]
Event: 10124.331 Thread 0x0000019831408150 Exception <a 'sun/nio/fs/WindowsException'{0x00000000d5636c48}> (0x00000000d5636c48) 
thrown [s\src\hotspot\share\prims\jni.cpp, line 520]
Event: 10124.333 Thread 0x0000019831408150 Exception <a 'sun/nio/fs/WindowsException'{0x00000000d5654980}> (0x00000000d5654980) 
thrown [s\src\hotspot\share\prims\jni.cpp, line 520]
Event: 10124.333 Thread 0x0000019831408150 Exception <a 'sun/nio/fs/WindowsException'{0x00000000d5655568}> (0x00000000d5655568) 
thrown [s\src\hotspot\share\prims\jni.cpp, line 520]
Event: 10517.767 Thread 0x0000019814771f80 Implicit null exception at 0x00000197b6fe92c9 to 0x00000197b6fea511
Event: 10517.768 Thread 0x0000019814771f80 Exception <a 'java/lang/NullPointerException'{0x00000000d56eeea0}> (0x00000000d56eeea0) 
thrown [s\src\hotspot\share\runtime\sharedRuntime.cpp, line 625]
Event: 10517.924 Thread 0x0000019814771f80 Implicit null exception at 0x00000197bda23342 to 0x00000197bda24ea4

ZGC Phase Switch (0 events):
No events

VM Operations (20 events):
Event: 11359.832 Executing safepoint VM operation: ParallelGCFailedAllocation (Allocation Failure)
Event: 11359.837 Executing safepoint VM operation: ParallelGCFailedAllocation (Allocation Failure) done
Event: 11359.854 Executing safepoint VM operation: ParallelGCFailedAllocation (Allocation Failure)
Event: 11359.861 Executing safepoint VM operation: ParallelGCFailedAllocation (Allocation Failure) done
Event: 11360.009 Executing safepoint VM operation: ParallelGCFailedAllocation (Allocation Failure)
Event: 11360.015 Executing safepoint VM operation: ParallelGCFailedAllocation (Allocation Failure) done
Event: 11360.090 Executing safepoint VM operation: ParallelGCFailedAllocation (Allocation Failure)
Event: 11360.097 Executing safepoint VM operation: ParallelGCFailedAllocation (Allocation Failure) done
Event: 11360.125 Executing safepoint VM operation: ParallelGCFailedAllocation (Allocation Failure)
Event: 11360.130 Executing safepoint VM operation: ParallelGCFailedAllocation (Allocation Failure) done
Event: 11360.153 Executing safepoint VM operation: ParallelGCFailedAllocation (Allocation Failure)
Event: 11360.164 Executing safepoint VM operation: ParallelGCFailedAllocation (Allocation Failure) done
Event: 11360.184 Executing safepoint VM operation: ParallelGCFailedAllocation (Allocation Failure)
Event: 11360.188 Executing safepoint VM operation: ParallelGCFailedAllocation (Allocation Failure) done
Event: 11361.188 Executing safepoint VM operation: Cleanup
Event: 11361.188 Executing safepoint VM operation: Cleanup done
Event: 11365.515 Executing non-safepoint VM operation: HandshakeAllThreads (HandshakeForDeflation)
Event: 11365.516 Executing non-safepoint VM operation: HandshakeAllThreads (HandshakeForDeflation) done
Event: 11365.516 Executing non-safepoint VM operation: RendezvousGCThreads
Event: 11365.516 Executing non-safepoint VM operation: RendezvousGCThreads done

Memory protections (0 events):
No events

Nmethod flushes (20 events):
Event: 3521.380 Thread 0x00000197b143bfa0 flushing  nmethod 0x00000197b6629290
Event: 3521.380 Thread 0x00000197b143bfa0 flushing osr nmethod 0x00000197b6742590
Event: 3521.380 Thread 0x00000197b143bfa0 flushing osr nmethod 0x00000197b687f610
Event: 3521.380 Thread 0x00000197b143bfa0 flushing  nmethod 0x00000197b68ebb90
Event: 3521.380 Thread 0x00000197b143bfa0 flushing  nmethod 0x00000197b68f0c10
Event: 3521.380 Thread 0x00000197b143bfa0 flushing  nmethod 0x00000197b6ab6290
Event: 3521.380 Thread 0x00000197b143bfa0 flushing  nmethod 0x00000197b6cb5890
Event: 3521.380 Thread 0x00000197b143bfa0 flushing  nmethod 0x00000197b6ce4510
Event: 3521.380 Thread 0x00000197b143bfa0 flushing  nmethod 0x00000197b6d5a390
Event: 3521.380 Thread 0x00000197b143bfa0 flushing  nmethod 0x00000197b6dfa990
Event: 3521.380 Thread 0x00000197b143bfa0 flushing  nmethod 0x00000197b6e2c490
Event: 3521.380 Thread 0x00000197b143bfa0 flushing  nmethod 0x00000197b6fb3e10
Event: 3521.380 Thread 0x00000197b143bfa0 flushing  nmethod 0x00000197b7050c10
Event: 3521.380 Thread 0x00000197b143bfa0 flushing  nmethod 0x00000197b7233b90
Event: 3521.380 Thread 0x00000197b143bfa0 flushing  nmethod 0x00000197b727df10
Event: 3521.380 Thread 0x00000197b143bfa0 flushing  nmethod 0x00000197b7292190
Event: 3521.380 Thread 0x00000197b143bfa0 flushing  nmethod 0x00000197b72a9290
Event: 3521.380 Thread 0x00000197b143bfa0 flushing  nmethod 0x00000197b731ad90
Event: 3521.380 Thread 0x00000197b143bfa0 flushing  nmethod 0x00000197b73e2590
Event: 3521.380 Thread 0x00000197b143bfa0 flushing  nmethod 0x00000197b73e3390

Events (20 events):
Event: 10464.393 Thread 0x0000019811b93ab0 Thread added: 0x0000019810de1f00
Event: 10465.487 Thread 0x00000197b1327d20 Thread added: 0x0000019814be3e70
Event: 10465.487 Thread 0x00000197b1327d20 Thread added: 0x000001982ef23a10
Event: 10466.104 Thread 0x000001982ef23a10 Thread exited: 0x000001982ef23a10
Event: 10470.898 Thread 0x0000019814be3e70 Thread exited: 0x0000019814be3e70
Event: 10471.930 Thread 0x00000198147718f0 Thread added: 0x0000019810ddea80
Event: 10471.931 Thread 0x0000019810ddea80 Thread exited: 0x0000019810ddea80
Event: 10664.560 Thread 0x0000019810dde3f0 Thread exited: 0x0000019810dde3f0
Event: 10724.561 Thread 0x0000019814771f80 Thread exited: 0x0000019814771f80
Event: 10812.161 Thread 0x0000019814771260 Thread exited: 0x0000019814771260
Event: 10826.027 Thread 0x000001982fcba820 Thread exited: 0x000001982fcba820
Event: 10872.162 Thread 0x0000019814773330 Thread exited: 0x0000019814773330
Event: 10932.163 Thread 0x0000019810de1f00 Thread exited: 0x0000019810de1f00
Event: 11071.045 Thread 0x0000019811b93ab0 Thread added: 0x0000019810dde3f0
Event: 11071.046 Thread 0x0000019810dde3f0 Thread added: 0x0000019810de1f00
Event: 11071.047 Thread 0x0000019810de1f00 Thread added: 0x0000019810ddea80
Event: 11126.028 Thread 0x000001982fcb9b00 Thread exited: 0x000001982fcb9b00
Event: 11179.092 Thread 0x0000019814772ca0 Thread exited: 0x0000019814772ca0
Event: 11239.093 Thread 0x00000198147718f0 Thread exited: 0x00000198147718f0
Event: 11359.814 Thread 0x0000019811b93ab0 Thread added: 0x0000019810de2c20


Dynamic libraries:
0x00007ff772330000 - 0x00007ff77233e000 	c:\Users\Polaris_Light\.vscode\extensions\redhat.java-1.55.0-win32-x64\jre\21.0.11-win32-x86_64\bin\java.exe
0x00007ffd2f020000 - 0x00007ffd2f286000 	C:\WINDOWS\SYSTEM32\ntdll.dll
0x00007ffd2e660000 - 0x00007ffd2e729000 	C:\WINDOWS\System32\KERNEL32.DLL
0x00007ffd2c240000 - 0x00007ffd2c640000 	C:\WINDOWS\System32\KERNELBASE.dll
0x00007ffd27eb0000 - 0x00007ffd27f50000 	C:\WINDOWS\SYSTEM32\apphelp.dll
0x00007ffd2c740000 - 0x00007ffd2c88c000 	C:\WINDOWS\System32\ucrtbase.dll
0x00007ffd0e4f0000 - 0x00007ffd0e508000 	c:\Users\Polaris_Light\.vscode\extensions\redhat.java-1.55.0-win32-x64\jre\21.0.11-win32-x86_64\bin\jli.dll
0x00007ffd2de80000 - 0x00007ffd2e047000 	C:\WINDOWS\System32\USER32.dll
0x00007ffd2c710000 - 0x00007ffd2c737000 	C:\WINDOWS\System32\win32u.dll
0x00007ffd2e170000 - 0x00007ffd2e19b000 	C:\WINDOWS\System32\GDI32.dll
0x00007ffd2cc20000 - 0x00007ffd2cd49000 	C:\WINDOWS\System32\gdi32full.dll
0x00007ffd2c8a0000 - 0x00007ffd2c943000 	C:\WINDOWS\System32\msvcp_win.dll
0x00007ffd05410000 - 0x00007ffd0542e000 	c:\Users\Polaris_Light\.vscode\extensions\redhat.java-1.55.0-win32-x64\jre\21.0.11-win32-x86_64\bin\VCRUNTIME140.dll
0x00007ffd0c7d0000 - 0x00007ffd0ca62000 	C:\WINDOWS\WinSxS\amd64_microsoft.windows.common-controls_6595b64144ccf1df_6.0.26100.8737_none_3e092eaee333b772\COMCTL32.dll
0x00007ffd2cf90000 - 0x00007ffd2d039000 	C:\WINDOWS\System32\msvcrt.dll
0x00007ffd2e620000 - 0x00007ffd2e652000 	C:\WINDOWS\System32\IMM32.DLL
0x00007ffd27c80000 - 0x00007ffd27c8c000 	c:\Users\Polaris_Light\.vscode\extensions\redhat.java-1.55.0-win32-x64\jre\21.0.11-win32-x86_64\bin\vcruntime140_1.dll
0x00007ffce90a0000 - 0x00007ffce912d000 	c:\Users\Polaris_Light\.vscode\extensions\redhat.java-1.55.0-win32-x64\jre\21.0.11-win32-x86_64\bin\msvcp140.dll
0x00007ffc8ebe0000 - 0x00007ffc8f982000 	c:\Users\Polaris_Light\.vscode\extensions\redhat.java-1.55.0-win32-x64\jre\21.0.11-win32-x86_64\bin\server\jvm.dll
0x00007ffd2dd00000 - 0x00007ffd2ddb7000 	C:\WINDOWS\System32\ADVAPI32.dll
0x00007ffd2cee0000 - 0x00007ffd2cf8a000 	C:\WINDOWS\System32\sechost.dll
0x00007ffd2e050000 - 0x00007ffd2e168000 	C:\WINDOWS\System32\RPCRT4.dll
0x00007ffd2ed20000 - 0x00007ffd2eda0000 	C:\WINDOWS\System32\WS2_32.dll
0x00007ffd2c060000 - 0x00007ffd2c0be000 	C:\WINDOWS\SYSTEM32\POWRPROF.dll
0x00007ffd0d090000 - 0x00007ffd0d0c6000 	C:\WINDOWS\SYSTEM32\WINMM.dll
0x00007ffd1b220000 - 0x00007ffd1b22b000 	C:\WINDOWS\SYSTEM32\VERSION.dll
0x00007ffd2c040000 - 0x00007ffd2c054000 	C:\WINDOWS\SYSTEM32\UMPDC.dll
0x00007ffd2aeb0000 - 0x00007ffd2aecb000 	C:\WINDOWS\SYSTEM32\kernel.appcore.dll
0x00007ffd26900000 - 0x00007ffd2690a000 	c:\Users\Polaris_Light\.vscode\extensions\redhat.java-1.55.0-win32-x64\jre\21.0.11-win32-x86_64\bin\jimage.dll
0x00007ffd29550000 - 0x00007ffd29792000 	C:\WINDOWS\SYSTEM32\DBGHELP.DLL
0x00007ffd2e1a0000 - 0x00007ffd2e523000 	C:\WINDOWS\System32\combase.dll
0x00007ffd2e750000 - 0x00007ffd2e829000 	C:\WINDOWS\System32\OLEAUT32.dll
0x00007ffd056f0000 - 0x00007ffd0572b000 	C:\WINDOWS\SYSTEM32\dbgcore.DLL
0x00007ffd2cb60000 - 0x00007ffd2cc0c000 	C:\WINDOWS\System32\bcryptPrimitives.dll
0x00007ffd19750000 - 0x00007ffd1975f000 	c:\Users\Polaris_Light\.vscode\extensions\redhat.java-1.55.0-win32-x64\jre\21.0.11-win32-x86_64\bin\instrument.dll
0x00007ffcfd1c0000 - 0x00007ffcfd1e0000 	c:\Users\Polaris_Light\.vscode\extensions\redhat.java-1.55.0-win32-x64\jre\21.0.11-win32-x86_64\bin\java.dll
0x00007ffd2d560000 - 0x00007ffd2dcf2000 	C:\WINDOWS\System32\SHELL32.dll
0x00007ffd29b60000 - 0x00007ffd2a3f2000 	C:\WINDOWS\SYSTEM32\windows.storage.dll
0x00007ffd2e830000 - 0x00007ffd2e927000 	C:\WINDOWS\System32\SHCORE.dll
0x00007ffd2ecb0000 - 0x00007ffd2ed17000 	C:\WINDOWS\System32\shlwapi.dll
0x00007ffd2c120000 - 0x00007ffd2c149000 	C:\WINDOWS\SYSTEM32\profapi.dll
0x00007ffcfd1a0000 - 0x00007ffcfd1b8000 	c:\Users\Polaris_Light\.vscode\extensions\redhat.java-1.55.0-win32-x64\jre\21.0.11-win32-x86_64\bin\zip.dll
0x00007ffd26890000 - 0x00007ffd268a0000 	C:\Users\Polaris_Light\.vscode\extensions\redhat.java-1.55.0-win32-x64\jre\21.0.11-win32-x86_64\bin\net.dll
0x00007ffd1f780000 - 0x00007ffd1f8a9000 	C:\WINDOWS\SYSTEM32\WINHTTP.dll
0x00007ffd2b490000 - 0x00007ffd2b4fc000 	C:\WINDOWS\system32\mswsock.dll
0x00007ffcfc9c0000 - 0x00007ffcfc9d6000 	C:\Users\Polaris_Light\.vscode\extensions\redhat.java-1.55.0-win32-x64\jre\21.0.11-win32-x86_64\bin\nio.dll
0x00007ffd234a0000 - 0x00007ffd234b0000 	c:\Users\Polaris_Light\.vscode\extensions\redhat.java-1.55.0-win32-x64\jre\21.0.11-win32-x86_64\bin\verify.dll
0x00007ffcfc9e0000 - 0x00007ffcfca25000 	C:\Users\Polaris_Light\AppData\Roaming\Code\User\globalStorage\redhat.java\1.55.0\config_win\org.eclipse.equinox.launcher\org.eclipse.equinox.launcher.win32.win32.x86_64_1.3.100.v20260613-0559\eclipse_11924.dll
0x00007ffd2e930000 - 0x00007ffd2eac9000 	C:\WINDOWS\System32\ole32.dll
0x00007ffd2b7b0000 - 0x00007ffd2b7cb000 	C:\WINDOWS\SYSTEM32\CRYPTSP.dll
0x00007ffd2ae10000 - 0x00007ffd2ae49000 	C:\WINDOWS\system32\rsaenh.dll
0x00007ffd2b550000 - 0x00007ffd2b582000 	C:\WINDOWS\SYSTEM32\USERENV.dll
0x00007ffd2c0f0000 - 0x00007ffd2c11a000 	C:\WINDOWS\SYSTEM32\bcrypt.dll
0x00007ffd2b790000 - 0x00007ffd2b79c000 	C:\WINDOWS\SYSTEM32\CRYPTBASE.dll
0x00007ffd2a850000 - 0x00007ffd2a883000 	C:\WINDOWS\SYSTEM32\IPHLPAPI.DLL
0x00007ffd2e590000 - 0x00007ffd2e59a000 	C:\WINDOWS\System32\NSI.dll
0x00007ffd23300000 - 0x00007ffd2330a000 	C:\Users\Polaris_Light\.vscode\extensions\redhat.java-1.55.0-win32-x64\jre\21.0.11-win32-x86_64\bin\management.dll
0x00007ffd1b3d0000 - 0x00007ffd1b3dc000 	C:\Users\Polaris_Light\.vscode\extensions\redhat.java-1.55.0-win32-x64\jre\21.0.11-win32-x86_64\bin\management_ext.dll
0x00007ffd2ee00000 - 0x00007ffd2ee08000 	C:\WINDOWS\System32\PSAPI.DLL
0x00007ffcea750000 - 0x00007ffcea799000 	D:\Temp\jna-1258692287\jna8007480713458109153.dll
0x00007ffd25770000 - 0x00007ffd2578d000 	C:\WINDOWS\SYSTEM32\dhcpcsvc6.DLL
0x00007ffd25740000 - 0x00007ffd25765000 	C:\WINDOWS\SYSTEM32\dhcpcsvc.DLL
0x00007ffd07ca0000 - 0x00007ffd07cc7000 	D:\.gradle\native\660c5614fbf4a5f2a75b1949f50a0caf5cd603558e7d8a26e50b933a0cfb79d1\windows-amd64\native-platform.dll
0x00007ffd1af20000 - 0x00007ffd1af29000 	C:\Users\Polaris_Light\.vscode\extensions\redhat.java-1.55.0-win32-x64\jre\21.0.11-win32-x86_64\bin\extnet.dll
0x00007ffd1b4c0000 - 0x00007ffd1b4ce000 	C:\Users\Polaris_Light\.vscode\extensions\redhat.java-1.55.0-win32-x64\jre\21.0.11-win32-x86_64\bin\sunmscapi.dll
0x00007ffd2c950000 - 0x00007ffd2cac8000 	C:\WINDOWS\System32\CRYPT32.dll
0x00007ffd2b9d0000 - 0x00007ffd2ba00000 	C:\WINDOWS\SYSTEM32\ncrypt.dll
0x00007ffd2b980000 - 0x00007ffd2b9bf000 	C:\WINDOWS\SYSTEM32\NTASN1.dll
0x00007ffd1b4b0000 - 0x00007ffd1b4b8000 	C:\WINDOWS\system32\wshunix.dll
0x00007ffd05aa0000 - 0x00007ffd05ac7000 	D:\.gradle\native\c067742578af261105cb4f569cf0c3c89f3d7b1fecec35dd04571415982c5e48\windows-amd64\native-platform.dll
0x00007ffd2aff0000 - 0x00007ffd2b026000 	C:\WINDOWS\SYSTEM32\ntmarta.dll

JVMTI agents:
c:\Users\Polaris_Light\.vscode\extensions\redhat.java-1.55.0-win32-x64\lombok\lombok-1.18.39-4050.jar path:c:\Users\Polaris_Light\.vscode\extensions\redhat.java-1.55.0-win32-x64\jre\21.0.11-win32-x86_64\bin\instrument.dll, loaded, initialized, instrumentlib options:none

dbghelp: loaded successfully - version: 4.0.5 - missing functions: none
symbol engine: initialized successfully - sym options: 0x614 - pdb path: .;c:\Users\Polaris_Light\.vscode\extensions\redhat.java-1.55.0-win32-x64\jre\21.0.11-win32-x86_64\bin;C:\WINDOWS\SYSTEM32;C:\WINDOWS\WinSxS\amd64_microsoft.windows.common-controls_6595b64144ccf1df_6.0.26100.8737_none_3e092eaee333b772;c:\Users\Polaris_Light\.vscode\extensions\redhat.java-1.55.0-win32-x64\jre\21.0.11-win32-x86_64\bin\server;C:\Users\Polaris_Light\AppData\Roaming\Code\User\globalStorage\redhat.java\1.55.0\config_win\org.eclipse.equinox.launcher\org.eclipse.equinox.launcher.win32.win32.x86_64_1.3.100.v20260613-0559;D:\Temp\jna-1258692287;D:\.gradle\native\660c5614fbf4a5f2a75b1949f50a0caf5cd603558e7d8a26e50b933a0cfb79d1\windows-amd64;D:\.gradle\native\c067742578af261105cb4f569cf0c3c89f3d7b1fecec35dd04571415982c5e48\windows-amd64

VM Arguments:
jvm_args: -Duser.language=en --add-modules=ALL-SYSTEM --add-opens=java.base/java.util=ALL-UNNAMED --add-opens=java.base/java.lang=ALL-UNNAMED --add-opens=java.base/sun.nio.fs=ALL-UNNAMED -Declipse.application=org.eclipse.jdt.ls.core.id1 -Dosgi.bundles.defaultStartLevel=4 -Declipse.product=org.eclipse.jdt.ls.core.product -Djava.import.generatesMetadataFilesAtProjectRoot=false -DDetectVMInstallationsJob.disabled=true -Dfile.encoding=utf8 -XX:+UseParallelGC -XX:GCTimeRatio=4 -XX:AdaptiveSizePolicyWeight=90 -Dsun.zip.disableMemoryMapping=true -Xmx2G -Xms100m -Xlog:disable -javaagent:c:\Users\Polaris_Light\.vscode\extensions\redhat.java-1.55.0-win32-x64\lombok\lombok-1.18.39-4050.jar -XX:+HeapDumpOnOutOfMemoryError -XX:HeapDumpPath=c:\Users\Polaris_Light\AppData\Roaming\Code\User\workspaceStorage\8bac98737b89180d39e512007c0c6714\redhat.java -Daether.dependencyCollector.impl=bf 
java_command: c:\Users\Polaris_Light\.vscode\extensions\redhat.java-1.55.0-win32-x64\server\plugins\org.eclipse.equinox.launcher_1.7.200.v20260619-2039.jar -configuration c:\Users\Polaris_Light\AppData\Roaming\Code\User\globalStorage\redhat.java\1.55.0\config_win -data c:\Users\Polaris_Light\AppData\Roaming\Code\User\workspaceStorage\8bac98737b89180d39e512007c0c6714\redhat.java\jdt_ws --pipe=\\.\pipe\lsp-6c2f298635db65166736973fa94b4f59-sock
java_class_path (initial): c:\Users\Polaris_Light\.vscode\extensions\redhat.java-1.55.0-win32-x64\server\plugins\org.eclipse.equinox.launcher_1.7.200.v20260619-2039.jar
Launcher Type: SUN_STANDARD

[Global flags]
    uintx AdaptiveSizePolicyWeight                 = 90                                        {product} {command line}
     intx CICompilerCount                          = 4                                         {product} {ergonomic}
    uintx GCTimeRatio                              = 4                                         {product} {command line}
     bool HeapDumpOnOutOfMemoryError               = true                                   {manageable} {command line}
    ccstr HeapDumpPath                             = c:\Users\Polaris_Light\AppData\Roaming\Code\User\workspaceStorage\8bac98737b89180d39e512007c0c6714\redhat.java         {manageable} {command line}
   size_t InitialHeapSize                          = 104857600                                 {product} {command line}
   size_t MaxHeapSize                              = 2147483648                                {product} {command line}
   size_t MaxNewSize                               = 715653120                                 {product} {ergonomic}
   size_t MinHeapDeltaBytes                        = 524288                                    {product} {ergonomic}
   size_t MinHeapSize                              = 104857600                                 {product} {command line}
   size_t NewSize                                  = 34603008                                  {product} {ergonomic}
    uintx NonNMethodCodeHeapSize                   = 5839372                                {pd product} {ergonomic}
    uintx NonProfiledCodeHeapSize                  = 122909434                              {pd product} {ergonomic}
   size_t OldSize                                  = 70254592                                  {product} {ergonomic}
    uintx ProfiledCodeHeapSize                     = 122909434                              {pd product} {ergonomic}
    uintx ReservedCodeCacheSize                    = 251658240                              {pd product} {ergonomic}
     bool SegmentedCodeCache                       = true                                      {product} {ergonomic}
   size_t SoftMaxHeapSize                          = 2147483648                             {manageable} {ergonomic}
     bool UseCompressedOops                        = true                           {product lp64_product} {ergonomic}
     bool UseLargePagesIndividualAllocation        = false                                  {pd product} {ergonomic}
     bool UseParallelGC                            = true                                      {product} {command line}

Logging:
Log output configuration:
 #0: stdout all=off uptime,level,tags foldmultilines=false
 #1: stderr all=off uptime,level,tags foldmultilines=false

Release file:
JAVA_VERSION="21.0.11" 
MODULES="java.base java.compiler java.datatransfer java.xml java.prefs java.desktop java.instrument java.logging java.management java.security.sasl java.naming java.rmi java.management.rmi java.net.http java.scripting java.security.jgss java.transaction.xa java.sql java.sql.rowset java.xml.crypto java.se java.smartcardio jdk.accessibility jdk.internal.jvmstat jdk.attach jdk.charsets jdk.internal.opt jdk.zipfs jdk.compiler jdk.crypto.ec jdk.crypto.cryptoki jdk.crypto.mscapi jdk.dynalink jdk.internal.ed jdk.editpad jdk.hotspot.agent jdk.httpserver jdk.internal.le jdk.internal.vm.ci jdk.internal.vm.compiler jdk.internal.vm.compiler.management jdk.jartool jdk.javadoc jdk.jcmd jdk.management jdk.management.agent jdk.jconsole jdk.jdeps jdk.jdwp.agent jdk.jdi jdk.jfr jdk.jshell jdk.jsobject jdk.jstatd jdk.localedata jdk.management.jfr jdk.naming.dns jdk.naming.rmi jdk.net jdk.nio.mapmode jdk.random jdk.sctp jdk.security.auth jdk.security.jgss jdk.unsupported jdk.unsupported.desktop jdk.xml.dom" 

Environment Variables:
JAVA_HOME=C:\Program Files\Java\dragonwell-17.0.4.0.4+8-GA
JAVA_TOOL_OPTIONS=-Duser.language=en
PATH=D:\Application\Python313\Scripts\;D:\Application\Python313\;C:\Program Files\BellSoft\LibericaJDK-21-Full\bin\;C:\Program Files\Java\dragonwell-17.0.4.0.4+8-GA\bin;C:\Program Files\Java\dragonwell-11.0.18.14+9-GA\bin;C:\Program Files\Java\dragonwell-8.12.13\bin;C:\Program Files\BellSoft\LibericaJDK-25\bin\;D:\Application\Python\Scripts\;D:\Application\Python\;C:\WINDOWS\system32;C:\WINDOWS;C:\WINDOWS\System32\Wbem;C:\WINDOWS\System32\WindowsPowerShell\v1.0\;C:\WINDOWS\System32\OpenSSH\;C:\Program Files\dotnet\;D:\Application\;C:\ProgramData\chocolatey\bin;D:\Application\ffmpeg\bin;D:\Protoc\bin;C:\Program Files\nodejs\;C:\Program Files\Pandoc\;D:\Application\PHP;D:\Application\Git\cmd;C:\Program Files\Process Lasso\;D:\Application\ITK-SNAP\bin;C:\Users\Polaris_Light\AppData\Roaming\Python\Python313\Scripts;C:\Program Files\Neovim\bin;C:\Users\Polaris_Light\.local\bin;C:\Users\Polaris_Light\AppData\Local\Microsoft\WindowsApps;D:\Application\Microsoft VS Code\bin;D:\Application\IntelliJ IDEA Community Edition 2023.1.2\bin;;C:\Users\Polaris_Light\.dotnet\tools;C:\Users\÷Ï“›\AppData\Roaming\npm;C:\Users\÷Ï“›\AppData\Roaming\Composer\vendor\bin;
USERNAME=Polaris_Light
OS=Windows_NT
PROCESSOR_IDENTIFIER=Intel64 Family 6 Model 140 Stepping 1, GenuineIntel
TMP=D:\Temp
TEMP=D:\Temp




Periodic native trim disabled

---------------  S Y S T E M  ---------------

OS:
 Windows 11 , 64 bit Build 26100 (10.0.26100.8737)
OS uptime: 19 days 9:38 hours
Hyper-V role detected

CPU: total 8 (initial active 8) (4 cores per cpu, 2 threads per core) family 6 model 140 stepping 1 microcode 0x8a, cx8, cmov, fxsr, ht, mmx, 3dnowpref, sse, sse2, sse3, ssse3, sse4.1, sse4.2, popcnt, lzcnt, tsc, tscinvbit, avx, avx2, aes, erms, clmul, bmi1, bmi2, adx, avx512f, avx512dq, avx512cd, avx512bw, avx512vl, sha, fma, vzeroupper, avx512_vpopcntdq, avx512_vpclmulqdq, avx512_vaes, avx512_vnni, clflush, clflushopt, clwb, avx512_vbmi2, avx512_vbmi, hv, rdtscp, rdpid, fsrm, gfni, avx512_bitalg, f16c, cet_ibt, cet_ss, avx512_ifma
Processor Information for the first 8 processors :
  Max Mhz: 2803, Current Mhz: 2803, Mhz Limit: 2803

Memory: 4k page, system-wide physical 16183M (745M free)
TotalPageFile size 36663M (AvailPageFile size 108M)
current process WorkingSet (physical memory assigned to process): 318M, peak: 2050M
current process commit charge ("private bytes"): 1712M, peak: 1889M

vm_info: OpenJDK 64-Bit Server VM (21.0.11+10-LTS) for windows-amd64 JRE (21.0.11+10-LTS), built on 2026-04-21T00:00:00Z by "admin" with MS VC++ 17.12 (VS2022)

END.
